Archive member included because of file (symbol)

g:/embedded systems/01- imt sdk-20220210t204611z-001/01- imt sdk/imt_sdk_win_64/imt_sdk_win_64/winavr/bin/../lib/gcc/avr/4.3.3/avr5\libgcc.a(_mulsi3.o)
                              ./M-adc_program.o (__mulsi3)
g:/embedded systems/01- imt sdk-20220210t204611z-001/01- imt sdk/imt_sdk_win_64/imt_sdk_win_64/winavr/bin/../lib/gcc/avr/4.3.3/avr5\libgcc.a(_udivmodhi4.o)
                              ./main.o (__udivmodhi4)
g:/embedded systems/01- imt sdk-20220210t204611z-001/01- imt sdk/imt_sdk_win_64/imt_sdk_win_64/winavr/bin/../lib/gcc/avr/4.3.3/avr5\libgcc.a(_udivmodsi4.o)
                              ./M-adc_program.o (__udivmodsi4)
g:/embedded systems/01- imt sdk-20220210t204611z-001/01- imt sdk/imt_sdk_win_64/imt_sdk_win_64/winavr/bin/../lib/gcc/avr/4.3.3/avr5\libgcc.a(_exit.o)
                              g:/embedded systems/01- imt sdk-20220210t204611z-001/01- imt sdk/imt_sdk_win_64/imt_sdk_win_64/winavr/bin/../lib/gcc/avr/4.3.3/../../../../avr/lib/avr5/crtm32.o (exit)
g:/embedded systems/01- imt sdk-20220210t204611z-001/01- imt sdk/imt_sdk_win_64/imt_sdk_win_64/winavr/bin/../lib/gcc/avr/4.3.3/avr5\libgcc.a(_copy_data.o)
                              ./HKPD_program.o (__do_copy_data)
g:/embedded systems/01- imt sdk-20220210t204611z-001/01- imt sdk/imt_sdk_win_64/imt_sdk_win_64/winavr/bin/../lib/gcc/avr/4.3.3/avr5\libgcc.a(_clear_bss.o)
                              ./main.o (__do_clear_bss)
g:/embedded systems/01- imt sdk-20220210t204611z-001/01- imt sdk/imt_sdk_win_64/imt_sdk_win_64/winavr/bin/../lib/gcc/avr/4.3.3/avr5\libgcc.a(_fixunssfsi.o)
                              ./HLCD_program.o (__fixunssfsi)
g:/embedded systems/01- imt sdk-20220210t204611z-001/01- imt sdk/imt_sdk_win_64/imt_sdk_win_64/winavr/bin/../lib/gcc/avr/4.3.3/avr5\libgcc.a(_addsub_sf.o)
                              g:/embedded systems/01- imt sdk-20220210t204611z-001/01- imt sdk/imt_sdk_win_64/imt_sdk_win_64/winavr/bin/../lib/gcc/avr/4.3.3/avr5\libgcc.a(_fixunssfsi.o) (__subsf3)
g:/embedded systems/01- imt sdk-20220210t204611z-001/01- imt sdk/imt_sdk_win_64/imt_sdk_win_64/winavr/bin/../lib/gcc/avr/4.3.3/avr5\libgcc.a(_mul_sf.o)
                              ./HLCD_program.o (__mulsf3)
g:/embedded systems/01- imt sdk-20220210t204611z-001/01- imt sdk/imt_sdk_win_64/imt_sdk_win_64/winavr/bin/../lib/gcc/avr/4.3.3/avr5\libgcc.a(_div_sf.o)
                              ./HLCD_program.o (__divsf3)
g:/embedded systems/01- imt sdk-20220210t204611z-001/01- imt sdk/imt_sdk_win_64/imt_sdk_win_64/winavr/bin/../lib/gcc/avr/4.3.3/avr5\libgcc.a(_gt_sf.o)
                              ./HLCD_program.o (__gtsf2)
g:/embedded systems/01- imt sdk-20220210t204611z-001/01- imt sdk/imt_sdk_win_64/imt_sdk_win_64/winavr/bin/../lib/gcc/avr/4.3.3/avr5\libgcc.a(_ge_sf.o)
                              g:/embedded systems/01- imt sdk-20220210t204611z-001/01- imt sdk/imt_sdk_win_64/imt_sdk_win_64/winavr/bin/../lib/gcc/avr/4.3.3/avr5\libgcc.a(_fixunssfsi.o) (__gesf2)
g:/embedded systems/01- imt sdk-20220210t204611z-001/01- imt sdk/imt_sdk_win_64/imt_sdk_win_64/winavr/bin/../lib/gcc/avr/4.3.3/avr5\libgcc.a(_lt_sf.o)
                              ./HLCD_program.o (__ltsf2)
g:/embedded systems/01- imt sdk-20220210t204611z-001/01- imt sdk/imt_sdk_win_64/imt_sdk_win_64/winavr/bin/../lib/gcc/avr/4.3.3/avr5\libgcc.a(_sf_to_si.o)
                              g:/embedded systems/01- imt sdk-20220210t204611z-001/01- imt sdk/imt_sdk_win_64/imt_sdk_win_64/winavr/bin/../lib/gcc/avr/4.3.3/avr5\libgcc.a(_fixunssfsi.o) (__fixsfsi)
g:/embedded systems/01- imt sdk-20220210t204611z-001/01- imt sdk/imt_sdk_win_64/imt_sdk_win_64/winavr/bin/../lib/gcc/avr/4.3.3/avr5\libgcc.a(_thenan_sf.o)
                              g:/embedded systems/01- imt sdk-20220210t204611z-001/01- imt sdk/imt_sdk_win_64/imt_sdk_win_64/winavr/bin/../lib/gcc/avr/4.3.3/avr5\libgcc.a(_addsub_sf.o) (__thenan_sf)
g:/embedded systems/01- imt sdk-20220210t204611z-001/01- imt sdk/imt_sdk_win_64/imt_sdk_win_64/winavr/bin/../lib/gcc/avr/4.3.3/avr5\libgcc.a(_prologue.o)
                              g:/embedded systems/01- imt sdk-20220210t204611z-001/01- imt sdk/imt_sdk_win_64/imt_sdk_win_64/winavr/bin/../lib/gcc/avr/4.3.3/avr5\libgcc.a(_addsub_sf.o) (__prologue_saves__)
g:/embedded systems/01- imt sdk-20220210t204611z-001/01- imt sdk/imt_sdk_win_64/imt_sdk_win_64/winavr/bin/../lib/gcc/avr/4.3.3/avr5\libgcc.a(_epilogue.o)
                              g:/embedded systems/01- imt sdk-20220210t204611z-001/01- imt sdk/imt_sdk_win_64/imt_sdk_win_64/winavr/bin/../lib/gcc/avr/4.3.3/avr5\libgcc.a(_addsub_sf.o) (__epilogue_restores__)
g:/embedded systems/01- imt sdk-20220210t204611z-001/01- imt sdk/imt_sdk_win_64/imt_sdk_win_64/winavr/bin/../lib/gcc/avr/4.3.3/avr5\libgcc.a(_pack_sf.o)
                              g:/embedded systems/01- imt sdk-20220210t204611z-001/01- imt sdk/imt_sdk_win_64/imt_sdk_win_64/winavr/bin/../lib/gcc/avr/4.3.3/avr5\libgcc.a(_addsub_sf.o) (__pack_f)
g:/embedded systems/01- imt sdk-20220210t204611z-001/01- imt sdk/imt_sdk_win_64/imt_sdk_win_64/winavr/bin/../lib/gcc/avr/4.3.3/avr5\libgcc.a(_unpack_sf.o)
                              g:/embedded systems/01- imt sdk-20220210t204611z-001/01- imt sdk/imt_sdk_win_64/imt_sdk_win_64/winavr/bin/../lib/gcc/avr/4.3.3/avr5\libgcc.a(_addsub_sf.o) (__unpack_f)
g:/embedded systems/01- imt sdk-20220210t204611z-001/01- imt sdk/imt_sdk_win_64/imt_sdk_win_64/winavr/bin/../lib/gcc/avr/4.3.3/avr5\libgcc.a(_fpcmp_parts_sf.o)
                              g:/embedded systems/01- imt sdk-20220210t204611z-001/01- imt sdk/imt_sdk_win_64/imt_sdk_win_64/winavr/bin/../lib/gcc/avr/4.3.3/avr5\libgcc.a(_gt_sf.o) (__fpcmp_parts_f)
g:/embedded systems/01- imt sdk-20220210t204611z-001/01- imt sdk/imt_sdk_win_64/imt_sdk_win_64/winavr/bin/../lib/gcc/avr/4.3.3/../../../../avr/lib/avr5\libc.a(itoa.o)
                              ./HLCD_program.o (itoa)
g:/embedded systems/01- imt sdk-20220210t204611z-001/01- imt sdk/imt_sdk_win_64/imt_sdk_win_64/winavr/bin/../lib/gcc/avr/4.3.3/../../../../avr/lib/avr5\libc.a(strrev.o)
                              g:/embedded systems/01- imt sdk-20220210t204611z-001/01- imt sdk/imt_sdk_win_64/imt_sdk_win_64/winavr/bin/../lib/gcc/avr/4.3.3/../../../../avr/lib/avr5\libc.a(itoa.o) (strrev)

Memory Configuration

Name             Origin             Length             Attributes
text             0x00000000         0x00020000         xr
data             0x00800060         0x0000ffa0         rw !x
eeprom           0x00810000         0x00010000         rw !x
fuse             0x00820000         0x00000400         rw !x
lock             0x00830000         0x00000400         rw !x
signature        0x00840000         0x00000400         rw !x
*default*        0x00000000         0xffffffff

Linker script and memory map

LOAD g:/embedded systems/01- imt sdk-20220210t204611z-001/01- imt sdk/imt_sdk_win_64/imt_sdk_win_64/winavr/bin/../lib/gcc/avr/4.3.3/../../../../avr/lib/avr5/crtm32.o
LOAD ./EEPROM_program.o
LOAD ./HKPD_program.o
LOAD ./HLCD_program.o
LOAD ./M-adc_program.o
LOAD ./MDIO_program.o
LOAD ./MTWI_program.o
LOAD ./MUART_Driver_iti_program.o
LOAD ./SPI_program.o
LOAD ./main.o
LOAD g:/embedded systems/01- imt sdk-20220210t204611z-001/01- imt sdk/imt_sdk_win_64/imt_sdk_win_64/winavr/bin/../lib/gcc/avr/4.3.3/avr5\libgcc.a
LOAD g:/embedded systems/01- imt sdk-20220210t204611z-001/01- imt sdk/imt_sdk_win_64/imt_sdk_win_64/winavr/bin/../lib/gcc/avr/4.3.3/../../../../avr/lib/avr5\libc.a
LOAD g:/embedded systems/01- imt sdk-20220210t204611z-001/01- imt sdk/imt_sdk_win_64/imt_sdk_win_64/winavr/bin/../lib/gcc/avr/4.3.3/avr5\libgcc.a

.hash
 *(.hash)

.dynsym
 *(.dynsym)

.dynstr
 *(.dynstr)

.gnu.version
 *(.gnu.version)

.gnu.version_d
 *(.gnu.version_d)

.gnu.version_r
 *(.gnu.version_r)

.rel.init
 *(.rel.init)

.rela.init
 *(.rela.init)

.rel.text
 *(.rel.text)
 *(.rel.text.*)
 *(.rel.gnu.linkonce.t*)

.rela.text
 *(.rela.text)
 *(.rela.text.*)
 *(.rela.gnu.linkonce.t*)

.rel.fini
 *(.rel.fini)

.rela.fini
 *(.rela.fini)

.rel.rodata
 *(.rel.rodata)
 *(.rel.rodata.*)
 *(.rel.gnu.linkonce.r*)

.rela.rodata
 *(.rela.rodata)
 *(.rela.rodata.*)
 *(.rela.gnu.linkonce.r*)

.rel.data
 *(.rel.data)
 *(.rel.data.*)
 *(.rel.gnu.linkonce.d*)

.rela.data
 *(.rela.data)
 *(.rela.data.*)
 *(.rela.gnu.linkonce.d*)

.rel.ctors
 *(.rel.ctors)

.rela.ctors
 *(.rela.ctors)

.rel.dtors
 *(.rel.dtors)

.rela.dtors
 *(.rela.dtors)

.rel.got
 *(.rel.got)

.rela.got
 *(.rela.got)

.rel.bss
 *(.rel.bss)

.rela.bss
 *(.rela.bss)

.rel.plt
 *(.rel.plt)

.rela.plt
 *(.rela.plt)

.text           0x00000000     0x5a64
 *(.vectors)
 .vectors       0x00000000       0x54 g:/embedded systems/01- imt sdk-20220210t204611z-001/01- imt sdk/imt_sdk_win_64/imt_sdk_win_64/winavr/bin/../lib/gcc/avr/4.3.3/../../../../avr/lib/avr5/crtm32.o
                0x00000000                __vectors
                0x00000000                __vector_default
 *(.vectors)
 *(.progmem.gcc*)
 *(.progmem*)
                0x00000054                . = ALIGN (0x2)
                0x00000054                __trampolines_start = .
 *(.trampolines)
 .trampolines   0x00000054        0x0 linker stubs
 *(.trampolines*)
                0x00000054                __trampolines_end = .
 *(.jumptables)
 *(.jumptables*)
 *(.lowtext)
 *(.lowtext*)
                0x00000054                __ctors_start = .
 *(.ctors)
                0x00000054                __ctors_end = .
                0x00000054                __dtors_start = .
 *(.dtors)
                0x00000054                __dtors_end = .
 SORT(*)(.ctors)
 SORT(*)(.dtors)
 *(.init0)
 .init0         0x00000054        0x0 g:/embedded systems/01- imt sdk-20220210t204611z-001/01- imt sdk/imt_sdk_win_64/imt_sdk_win_64/winavr/bin/../lib/gcc/avr/4.3.3/../../../../avr/lib/avr5/crtm32.o
                0x00000054                __init
 *(.init0)
 *(.init1)
 *(.init1)
 *(.init2)
 .init2         0x00000054        0xc g:/embedded systems/01- imt sdk-20220210t204611z-001/01- imt sdk/imt_sdk_win_64/imt_sdk_win_64/winavr/bin/../lib/gcc/avr/4.3.3/../../../../avr/lib/avr5/crtm32.o
 *(.init2)
 *(.init3)
 *(.init3)
 *(.init4)
 .init4         0x00000060       0x16 g:/embedded systems/01- imt sdk-20220210t204611z-001/01- imt sdk/imt_sdk_win_64/imt_sdk_win_64/winavr/bin/../lib/gcc/avr/4.3.3/avr5\libgcc.a(_copy_data.o)
                0x00000060                __do_copy_data
 .init4         0x00000076       0x10 g:/embedded systems/01- imt sdk-20220210t204611z-001/01- imt sdk/imt_sdk_win_64/imt_sdk_win_64/winavr/bin/../lib/gcc/avr/4.3.3/avr5\libgcc.a(_clear_bss.o)
                0x00000076                __do_clear_bss
 *(.init4)
 *(.init5)
 *(.init5)
 *(.init6)
 *(.init6)
 *(.init7)
 *(.init7)
 *(.init8)
 *(.init8)
 *(.init9)
 .init9         0x00000086        0x8 g:/embedded systems/01- imt sdk-20220210t204611z-001/01- imt sdk/imt_sdk_win_64/imt_sdk_win_64/winavr/bin/../lib/gcc/avr/4.3.3/../../../../avr/lib/avr5/crtm32.o
 *(.init9)
 *(.text)
 .text          0x0000008e        0x4 g:/embedded systems/01- imt sdk-20220210t204611z-001/01- imt sdk/imt_sdk_win_64/imt_sdk_win_64/winavr/bin/../lib/gcc/avr/4.3.3/../../../../avr/lib/avr5/crtm32.o
                0x0000008e                __vector_1
                0x0000008e                __vector_12
                0x0000008e                __bad_interrupt
                0x0000008e                __vector_6
                0x0000008e                __vector_3
                0x0000008e                __vector_11
                0x0000008e                __vector_13
                0x0000008e                __vector_17
                0x0000008e                __vector_19
                0x0000008e                __vector_7
                0x0000008e                __vector_5
                0x0000008e                __vector_4
                0x0000008e                __vector_9
                0x0000008e                __vector_2
                0x0000008e                __vector_15
                0x0000008e                __vector_8
                0x0000008e                __vector_14
                0x0000008e                __vector_10
                0x0000008e                __vector_16
                0x0000008e                __vector_18
                0x0000008e                __vector_20
 .text          0x00000092        0x0 ./EEPROM_program.o
 .text          0x00000092        0x0 ./HKPD_program.o
 .text          0x00000092        0x0 ./HLCD_program.o
 .text          0x00000092        0x0 ./M-adc_program.o
 .text          0x00000092        0x0 ./MDIO_program.o
 .text          0x00000092        0x0 ./MTWI_program.o
 .text          0x00000092        0x0 ./MUART_Driver_iti_program.o
 .text          0x00000092        0x0 ./SPI_program.o
 .text          0x00000092        0x0 ./main.o
 .text          0x00000092        0x0 g:/embedded systems/01- imt sdk-20220210t204611z-001/01- imt sdk/imt_sdk_win_64/imt_sdk_win_64/winavr/bin/../lib/gcc/avr/4.3.3/avr5\libgcc.a(_mulsi3.o)
 .text          0x00000092        0x0 g:/embedded systems/01- imt sdk-20220210t204611z-001/01- imt sdk/imt_sdk_win_64/imt_sdk_win_64/winavr/bin/../lib/gcc/avr/4.3.3/avr5\libgcc.a(_udivmodhi4.o)
 .text          0x00000092        0x0 g:/embedded systems/01- imt sdk-20220210t204611z-001/01- imt sdk/imt_sdk_win_64/imt_sdk_win_64/winavr/bin/../lib/gcc/avr/4.3.3/avr5\libgcc.a(_udivmodsi4.o)
 .text          0x00000092        0x0 g:/embedded systems/01- imt sdk-20220210t204611z-001/01- imt sdk/imt_sdk_win_64/imt_sdk_win_64/winavr/bin/../lib/gcc/avr/4.3.3/avr5\libgcc.a(_exit.o)
 .text          0x00000092        0x0 g:/embedded systems/01- imt sdk-20220210t204611z-001/01- imt sdk/imt_sdk_win_64/imt_sdk_win_64/winavr/bin/../lib/gcc/avr/4.3.3/avr5\libgcc.a(_copy_data.o)
 .text          0x00000092        0x0 g:/embedded systems/01- imt sdk-20220210t204611z-001/01- imt sdk/imt_sdk_win_64/imt_sdk_win_64/winavr/bin/../lib/gcc/avr/4.3.3/avr5\libgcc.a(_clear_bss.o)
 .text          0x00000092       0x58 g:/embedded systems/01- imt sdk-20220210t204611z-001/01- imt sdk/imt_sdk_win_64/imt_sdk_win_64/winavr/bin/../lib/gcc/avr/4.3.3/avr5\libgcc.a(_fixunssfsi.o)
                0x00000092                __fixunssfsi
 .text          0x000000ea      0x354 g:/embedded systems/01- imt sdk-20220210t204611z-001/01- imt sdk/imt_sdk_win_64/imt_sdk_win_64/winavr/bin/../lib/gcc/avr/4.3.3/avr5\libgcc.a(_addsub_sf.o)
                0x00000382                __subsf3
                0x000003e4                __addsf3
 .text          0x0000043e      0x1f4 g:/embedded systems/01- imt sdk-20220210t204611z-001/01- imt sdk/imt_sdk_win_64/imt_sdk_win_64/winavr/bin/../lib/gcc/avr/4.3.3/avr5\libgcc.a(_mul_sf.o)
                0x0000043e                __mulsf3
 .text          0x00000632      0x158 g:/embedded systems/01- imt sdk-20220210t204611z-001/01- imt sdk/imt_sdk_win_64/imt_sdk_win_64/winavr/bin/../lib/gcc/avr/4.3.3/avr5\libgcc.a(_div_sf.o)
                0x00000632                __divsf3
 .text          0x0000078a       0x60 g:/embedded systems/01- imt sdk-20220210t204611z-001/01- imt sdk/imt_sdk_win_64/imt_sdk_win_64/winavr/bin/../lib/gcc/avr/4.3.3/avr5\libgcc.a(_gt_sf.o)
                0x0000078a                __gtsf2
 .text          0x000007ea       0x60 g:/embedded systems/01- imt sdk-20220210t204611z-001/01- imt sdk/imt_sdk_win_64/imt_sdk_win_64/winavr/bin/../lib/gcc/avr/4.3.3/avr5\libgcc.a(_ge_sf.o)
                0x000007ea                __gesf2
 .text          0x0000084a       0x60 g:/embedded systems/01- imt sdk-20220210t204611z-001/01- imt sdk/imt_sdk_win_64/imt_sdk_win_64/winavr/bin/../lib/gcc/avr/4.3.3/avr5\libgcc.a(_lt_sf.o)
                0x0000084a                __ltsf2
 .text          0x000008aa       0xa8 g:/embedded systems/01- imt sdk-20220210t204611z-001/01- imt sdk/imt_sdk_win_64/imt_sdk_win_64/winavr/bin/../lib/gcc/avr/4.3.3/avr5\libgcc.a(_sf_to_si.o)
                0x000008aa                __fixsfsi
 .text          0x00000952        0x0 g:/embedded systems/01- imt sdk-20220210t204611z-001/01- imt sdk/imt_sdk_win_64/imt_sdk_win_64/winavr/bin/../lib/gcc/avr/4.3.3/avr5\libgcc.a(_thenan_sf.o)
 .text          0x00000952        0x0 g:/embedded systems/01- imt sdk-20220210t204611z-001/01- imt sdk/imt_sdk_win_64/imt_sdk_win_64/winavr/bin/../lib/gcc/avr/4.3.3/avr5\libgcc.a(_prologue.o)
 .text          0x00000952        0x0 g:/embedded systems/01- imt sdk-20220210t204611z-001/01- imt sdk/imt_sdk_win_64/imt_sdk_win_64/winavr/bin/../lib/gcc/avr/4.3.3/avr5\libgcc.a(_epilogue.o)
 .text          0x00000952      0x1aa g:/embedded systems/01- imt sdk-20220210t204611z-001/01- imt sdk/imt_sdk_win_64/imt_sdk_win_64/winavr/bin/../lib/gcc/avr/4.3.3/avr5\libgcc.a(_pack_sf.o)
                0x00000952                __pack_f
 .text          0x00000afc       0xf0 g:/embedded systems/01- imt sdk-20220210t204611z-001/01- imt sdk/imt_sdk_win_64/imt_sdk_win_64/winavr/bin/../lib/gcc/avr/4.3.3/avr5\libgcc.a(_unpack_sf.o)
                0x00000afc                __unpack_f
 .text          0x00000bec       0xb2 g:/embedded systems/01- imt sdk-20220210t204611z-001/01- imt sdk/imt_sdk_win_64/imt_sdk_win_64/winavr/bin/../lib/gcc/avr/4.3.3/avr5\libgcc.a(_fpcmp_parts_sf.o)
                0x00000bec                __fpcmp_parts_f
 .text          0x00000c9e        0x0 g:/embedded systems/01- imt sdk-20220210t204611z-001/01- imt sdk/imt_sdk_win_64/imt_sdk_win_64/winavr/bin/../lib/gcc/avr/4.3.3/../../../../avr/lib/avr5\libc.a(itoa.o)
 .text          0x00000c9e        0x0 g:/embedded systems/01- imt sdk-20220210t204611z-001/01- imt sdk/imt_sdk_win_64/imt_sdk_win_64/winavr/bin/../lib/gcc/avr/4.3.3/../../../../avr/lib/avr5\libc.a(strrev.o)
                0x00000c9e                . = ALIGN (0x2)
 *(.text.*)
 .text.EEPROM_voidWrite
                0x00000c9e       0x32 ./EEPROM_program.o
                0x00000c9e                EEPROM_voidWrite
 .text.EEPROM_voidRead
                0x00000cd0       0x46 ./EEPROM_program.o
                0x00000cd0                EEPROM_voidRead
 .text.HKPD_u8GetPressedKey
                0x00000d16      0x16e ./HKPD_program.o
                0x00000d16                HKPD_u8GetPressedKey
 .text.HLCD_voidInit
                0x00000e84      0xe3c ./HLCD_program.o
                0x00000e84                HLCD_voidInit
 .text.HLCD_voidSendData
                0x00001cc0      0x764 ./HLCD_program.o
                0x00001cc0                HLCD_voidSendData
 .text.HLCD_voidSendCommand
                0x00002424      0x764 ./HLCD_program.o
                0x00002424                HLCD_voidSendCommand
 .text.HLCD_voidSendString
                0x00002b88       0x56 ./HLCD_program.o
                0x00002b88                HLCD_voidSendString
 .text.HLCD_voidSendInt
                0x00002bde       0x4a ./HLCD_program.o
                0x00002bde                HLCD_voidSendInt
 .text.HLCD_voidClearDisplay
                0x00002c28       0x14 ./HLCD_program.o
                0x00002c28                HLCD_voidClearDisplay
 .text.HLCD_voidReturnHome
                0x00002c3c       0x14 ./HLCD_program.o
                0x00002c3c                HLCD_voidReturnHome
 .text.HLCD_voidSetCursorPosition
                0x00002c50       0x3a ./HLCD_program.o
                0x00002c50                HLCD_voidSetCursorPosition
 .text.MADC_voidinit
                0x00002c8a       0x70 ./M-adc_program.o
                0x00002c8a                MADC_voidinit
 .text.MADC_u16GetValue
                0x00002cfa       0x6c ./M-adc_program.o
                0x00002cfa                MADC_u16GetValue
 .text.MAP_U16MAPPING
                0x00002d66       0xb6 ./M-adc_program.o
                0x00002d66                MAP_U16MAPPING
 .text.Port_voidInit
                0x00002e1c       0x4a ./MDIO_program.o
                0x00002e1c                Port_voidInit
 .text.MDIO_ErrorS_EnablePinPullUp
                0x00002e66      0x122 ./MDIO_program.o
                0x00002e66                MDIO_ErrorS_EnablePinPullUp
 .text.MDIO_voidSetPinDirection
                0x00002f88      0x204 ./MDIO_program.o
                0x00002f88                MDIO_voidSetPinDirection
 .text.MDIO_ErrorS_SetPinValue
                0x0000318c      0x21e ./MDIO_program.o
                0x0000318c                MDIO_ErrorS_SetPinValue
 .text.MDIO_ErrorS_GetPinValue
                0x000033aa      0x122 ./MDIO_program.o
                0x000033aa                MDIO_ErrorS_GetPinValue
 .text.MDIO_ErrorS_SetPortValue
                0x000034cc       0x92 ./MDIO_program.o
                0x000034cc                MDIO_ErrorS_SetPortValue
 .text.MDIO_ErrorS_GetPortValue
                0x0000355e       0xa6 ./MDIO_program.o
                0x0000355e                MDIO_ErrorS_GetPortValue
 .text.MDIO_ErrorS_TogPinValue
                0x00003604      0x10a ./MDIO_program.o
                0x00003604                MDIO_ErrorS_TogPinValue
 .text.MTWI_voidInit
                0x0000370e       0x32 ./MTWI_program.o
                0x0000370e                MTWI_voidInit
 .text.MTWI_voidStart
                0x00003740       0x42 ./MTWI_program.o
                0x00003740                MTWI_voidStart
 .text.MTWI_voidWrite
                0x00003782       0x50 ./MTWI_program.o
                0x00003782                MTWI_voidWrite
 .text.MTWI_u8ReadWithACK
                0x000037d2       0x48 ./MTWI_program.o
                0x000037d2                MTWI_u8ReadWithACK
 .text.MTWI_voidStop
                0x0000381a       0x38 ./MTWI_program.o
                0x0000381a                MTWI_voidStop
 .text.MTWI_u8GetStatus
                0x00003852       0x16 ./MTWI_program.o
                0x00003852                MTWI_u8GetStatus
 .text.UART_voidInit
                0x00003868       0x6c ./MUART_Driver_iti_program.o
                0x00003868                UART_voidInit
 .text.UART_voidTransmit
                0x000038d4       0x24 ./MUART_Driver_iti_program.o
                0x000038d4                UART_voidTransmit
 .text.UART_u8Recive
                0x000038f8       0x1e ./MUART_Driver_iti_program.o
                0x000038f8                UART_u8Recive
 .text.SPI_voidInitMaster
                0x00003916       0x54 ./SPI_program.o
                0x00003916                SPI_voidInitMaster
 .text.SPI_voidInitSlave
                0x0000396a       0x2a ./SPI_program.o
                0x0000396a                SPI_voidInitSlave
 .text.SPI_u8Tranceive
                0x00003994       0x2a ./SPI_program.o
                0x00003994                SPI_u8Tranceive
 .text.main     0x000039be     0x18fa ./main.o
                0x000039be                main
 .text.ReadInt_EEPROM
                0x000052b8      0x192 ./main.o
                0x000052b8                ReadInt_EEPROM
 .text.WriteInt_EEPROM
                0x0000544a      0x160 ./main.o
                0x0000544a                WriteInt_EEPROM
 .text.Add_ID_EEPROM
                0x000055aa       0xee ./main.o
                0x000055aa                Add_ID_EEPROM
 .text.Add_Pass_EEPROM
                0x00005698       0xea ./main.o
                0x00005698                Add_Pass_EEPROM
 .text.Check_ID
                0x00005782       0x7a ./main.o
                0x00005782                Check_ID
 .text.Check_Pass
                0x000057fc       0xea ./main.o
                0x000057fc                Check_Pass
 .text.libgcc   0x000058e6       0x3e g:/embedded systems/01- imt sdk-20220210t204611z-001/01- imt sdk/imt_sdk_win_64/imt_sdk_win_64/winavr/bin/../lib/gcc/avr/4.3.3/avr5\libgcc.a(_mulsi3.o)
                0x000058e6                __mulsi3
 .text.libgcc   0x00005924       0x28 g:/embedded systems/01- imt sdk-20220210t204611z-001/01- imt sdk/imt_sdk_win_64/imt_sdk_win_64/winavr/bin/../lib/gcc/avr/4.3.3/avr5\libgcc.a(_udivmodhi4.o)
                0x00005924                __udivmodhi4
 .text.libgcc   0x0000594c       0x44 g:/embedded systems/01- imt sdk-20220210t204611z-001/01- imt sdk/imt_sdk_win_64/imt_sdk_win_64/winavr/bin/../lib/gcc/avr/4.3.3/avr5\libgcc.a(_udivmodsi4.o)
                0x0000594c                __udivmodsi4
 .text.libgcc   0x00005990        0x0 g:/embedded systems/01- imt sdk-20220210t204611z-001/01- imt sdk/imt_sdk_win_64/imt_sdk_win_64/winavr/bin/../lib/gcc/avr/4.3.3/avr5\libgcc.a(_exit.o)
 .text.libgcc   0x00005990        0x0 g:/embedded systems/01- imt sdk-20220210t204611z-001/01- imt sdk/imt_sdk_win_64/imt_sdk_win_64/winavr/bin/../lib/gcc/avr/4.3.3/avr5\libgcc.a(_copy_data.o)
 .text.libgcc   0x00005990        0x0 g:/embedded systems/01- imt sdk-20220210t204611z-001/01- imt sdk/imt_sdk_win_64/imt_sdk_win_64/winavr/bin/../lib/gcc/avr/4.3.3/avr5\libgcc.a(_clear_bss.o)
 .text.libgcc   0x00005990       0x38 g:/embedded systems/01- imt sdk-20220210t204611z-001/01- imt sdk/imt_sdk_win_64/imt_sdk_win_64/winavr/bin/../lib/gcc/avr/4.3.3/avr5\libgcc.a(_prologue.o)
                0x00005990                __prologue_saves__
 .text.libgcc   0x000059c8       0x36 g:/embedded systems/01- imt sdk-20220210t204611z-001/01- imt sdk/imt_sdk_win_64/imt_sdk_win_64/winavr/bin/../lib/gcc/avr/4.3.3/avr5\libgcc.a(_epilogue.o)
                0x000059c8                __epilogue_restores__
 .text.avr-libc
                0x000059fe       0x42 g:/embedded systems/01- imt sdk-20220210t204611z-001/01- imt sdk/imt_sdk_win_64/imt_sdk_win_64/winavr/bin/../lib/gcc/avr/4.3.3/../../../../avr/lib/avr5\libc.a(itoa.o)
                0x000059fe                itoa
 .text.avr-libc
                0x00005a40       0x20 g:/embedded systems/01- imt sdk-20220210t204611z-001/01- imt sdk/imt_sdk_win_64/imt_sdk_win_64/winavr/bin/../lib/gcc/avr/4.3.3/../../../../avr/lib/avr5\libc.a(strrev.o)
                0x00005a40                strrev
                0x00005a60                . = ALIGN (0x2)
 *(.fini9)
 .fini9         0x00005a60        0x0 g:/embedded systems/01- imt sdk-20220210t204611z-001/01- imt sdk/imt_sdk_win_64/imt_sdk_win_64/winavr/bin/../lib/gcc/avr/4.3.3/avr5\libgcc.a(_exit.o)
                0x00005a60                exit
                0x00005a60                _exit
 *(.fini9)
 *(.fini8)
 *(.fini8)
 *(.fini7)
 *(.fini7)
 *(.fini6)
 *(.fini6)
 *(.fini5)
 *(.fini5)
 *(.fini4)
 *(.fini4)
 *(.fini3)
 *(.fini3)
 *(.fini2)
 *(.fini2)
 *(.fini1)
 *(.fini1)
 *(.fini0)
 .fini0         0x00005a60        0x4 g:/embedded systems/01- imt sdk-20220210t204611z-001/01- imt sdk/imt_sdk_win_64/imt_sdk_win_64/winavr/bin/../lib/gcc/avr/4.3.3/avr5\libgcc.a(_exit.o)
 *(.fini0)
                0x00005a64                _etext = .

.data           0x00800060       0xae load address 0x00005a64
                0x00800060                PROVIDE (__data_start, .)
 *(.data)
 .data          0x00800060        0x0 g:/embedded systems/01- imt sdk-20220210t204611z-001/01- imt sdk/imt_sdk_win_64/imt_sdk_win_64/winavr/bin/../lib/gcc/avr/4.3.3/../../../../avr/lib/avr5/crtm32.o
 .data          0x00800060        0x0 ./EEPROM_program.o
 .data          0x00800060        0x0 ./HKPD_program.o
 .data          0x00800060        0x0 ./HLCD_program.o
 .data          0x00800060        0x0 ./M-adc_program.o
 .data          0x00800060        0x0 ./MDIO_program.o
 .data          0x00800060        0x0 ./MTWI_program.o
 .data          0x00800060        0x0 ./MUART_Driver_iti_program.o
 .data          0x00800060        0x0 ./SPI_program.o
 .data          0x00800060       0x93 ./main.o
 .data          0x008000f3        0x0 g:/embedded systems/01- imt sdk-20220210t204611z-001/01- imt sdk/imt_sdk_win_64/imt_sdk_win_64/winavr/bin/../lib/gcc/avr/4.3.3/avr5\libgcc.a(_mulsi3.o)
 .data          0x008000f3        0x0 g:/embedded systems/01- imt sdk-20220210t204611z-001/01- imt sdk/imt_sdk_win_64/imt_sdk_win_64/winavr/bin/../lib/gcc/avr/4.3.3/avr5\libgcc.a(_udivmodhi4.o)
 .data          0x008000f3        0x0 g:/embedded systems/01- imt sdk-20220210t204611z-001/01- imt sdk/imt_sdk_win_64/imt_sdk_win_64/winavr/bin/../lib/gcc/avr/4.3.3/avr5\libgcc.a(_udivmodsi4.o)
 .data          0x008000f3        0x0 g:/embedded systems/01- imt sdk-20220210t204611z-001/01- imt sdk/imt_sdk_win_64/imt_sdk_win_64/winavr/bin/../lib/gcc/avr/4.3.3/avr5\libgcc.a(_exit.o)
 .data          0x008000f3        0x0 g:/embedded systems/01- imt sdk-20220210t204611z-001/01- imt sdk/imt_sdk_win_64/imt_sdk_win_64/winavr/bin/../lib/gcc/avr/4.3.3/avr5\libgcc.a(_copy_data.o)
 .data          0x008000f3        0x0 g:/embedded systems/01- imt sdk-20220210t204611z-001/01- imt sdk/imt_sdk_win_64/imt_sdk_win_64/winavr/bin/../lib/gcc/avr/4.3.3/avr5\libgcc.a(_clear_bss.o)
 .data          0x008000f3        0x0 g:/embedded systems/01- imt sdk-20220210t204611z-001/01- imt sdk/imt_sdk_win_64/imt_sdk_win_64/winavr/bin/../lib/gcc/avr/4.3.3/avr5\libgcc.a(_fixunssfsi.o)
 .data          0x008000f3        0x0 g:/embedded systems/01- imt sdk-20220210t204611z-001/01- imt sdk/imt_sdk_win_64/imt_sdk_win_64/winavr/bin/../lib/gcc/avr/4.3.3/avr5\libgcc.a(_addsub_sf.o)
 .data          0x008000f3        0x0 g:/embedded systems/01- imt sdk-20220210t204611z-001/01- imt sdk/imt_sdk_win_64/imt_sdk_win_64/winavr/bin/../lib/gcc/avr/4.3.3/avr5\libgcc.a(_mul_sf.o)
 .data          0x008000f3        0x0 g:/embedded systems/01- imt sdk-20220210t204611z-001/01- imt sdk/imt_sdk_win_64/imt_sdk_win_64/winavr/bin/../lib/gcc/avr/4.3.3/avr5\libgcc.a(_div_sf.o)
 .data          0x008000f3        0x0 g:/embedded systems/01- imt sdk-20220210t204611z-001/01- imt sdk/imt_sdk_win_64/imt_sdk_win_64/winavr/bin/../lib/gcc/avr/4.3.3/avr5\libgcc.a(_gt_sf.o)
 .data          0x008000f3        0x0 g:/embedded systems/01- imt sdk-20220210t204611z-001/01- imt sdk/imt_sdk_win_64/imt_sdk_win_64/winavr/bin/../lib/gcc/avr/4.3.3/avr5\libgcc.a(_ge_sf.o)
 .data          0x008000f3        0x0 g:/embedded systems/01- imt sdk-20220210t204611z-001/01- imt sdk/imt_sdk_win_64/imt_sdk_win_64/winavr/bin/../lib/gcc/avr/4.3.3/avr5\libgcc.a(_lt_sf.o)
 .data          0x008000f3        0x0 g:/embedded systems/01- imt sdk-20220210t204611z-001/01- imt sdk/imt_sdk_win_64/imt_sdk_win_64/winavr/bin/../lib/gcc/avr/4.3.3/avr5\libgcc.a(_sf_to_si.o)
 .data          0x008000f3        0x8 g:/embedded systems/01- imt sdk-20220210t204611z-001/01- imt sdk/imt_sdk_win_64/imt_sdk_win_64/winavr/bin/../lib/gcc/avr/4.3.3/avr5\libgcc.a(_thenan_sf.o)
                0x008000f3                __thenan_sf
 .data          0x008000fb        0x0 g:/embedded systems/01- imt sdk-20220210t204611z-001/01- imt sdk/imt_sdk_win_64/imt_sdk_win_64/winavr/bin/../lib/gcc/avr/4.3.3/avr5\libgcc.a(_prologue.o)
 .data          0x008000fb        0x0 g:/embedded systems/01- imt sdk-20220210t204611z-001/01- imt sdk/imt_sdk_win_64/imt_sdk_win_64/winavr/bin/../lib/gcc/avr/4.3.3/avr5\libgcc.a(_epilogue.o)
 .data          0x008000fb        0x0 g:/embedded systems/01- imt sdk-20220210t204611z-001/01- imt sdk/imt_sdk_win_64/imt_sdk_win_64/winavr/bin/../lib/gcc/avr/4.3.3/avr5\libgcc.a(_pack_sf.o)
 .data          0x008000fb        0x0 g:/embedded systems/01- imt sdk-20220210t204611z-001/01- imt sdk/imt_sdk_win_64/imt_sdk_win_64/winavr/bin/../lib/gcc/avr/4.3.3/avr5\libgcc.a(_unpack_sf.o)
 .data          0x008000fb        0x0 g:/embedded systems/01- imt sdk-20220210t204611z-001/01- imt sdk/imt_sdk_win_64/imt_sdk_win_64/winavr/bin/../lib/gcc/avr/4.3.3/avr5\libgcc.a(_fpcmp_parts_sf.o)
 .data          0x008000fb        0x0 g:/embedded systems/01- imt sdk-20220210t204611z-001/01- imt sdk/imt_sdk_win_64/imt_sdk_win_64/winavr/bin/../lib/gcc/avr/4.3.3/../../../../avr/lib/avr5\libc.a(itoa.o)
 .data          0x008000fb        0x0 g:/embedded systems/01- imt sdk-20220210t204611z-001/01- imt sdk/imt_sdk_win_64/imt_sdk_win_64/winavr/bin/../lib/gcc/avr/4.3.3/../../../../avr/lib/avr5\libc.a(strrev.o)
 *(.data*)
 .data.ptr      0x008000fb        0x2 ./main.o
                0x008000fb                ptr
 *(.rodata)
 *(.rodata*)
 .rodata.C.0.1309
                0x008000fd       0x10 ./HKPD_program.o
 *(.gnu.linkonce.d*)
                0x0080010e                . = ALIGN (0x2)
 *fill*         0x0080010d        0x1 00
                0x0080010e                _edata = .
                0x0080010e                PROVIDE (__data_end, .)

.bss            0x0080010e        0x3
                0x0080010e                PROVIDE (__bss_start, .)
 *(.bss)
 .bss           0x0080010e        0x0 g:/embedded systems/01- imt sdk-20220210t204611z-001/01- imt sdk/imt_sdk_win_64/imt_sdk_win_64/winavr/bin/../lib/gcc/avr/4.3.3/../../../../avr/lib/avr5/crtm32.o
 .bss           0x0080010e        0x0 ./EEPROM_program.o
 .bss           0x0080010e        0x0 ./HKPD_program.o
 .bss           0x0080010e        0x0 ./HLCD_program.o
 .bss           0x0080010e        0x0 ./M-adc_program.o
 .bss           0x0080010e        0x0 ./MDIO_program.o
 .bss           0x0080010e        0x0 ./MTWI_program.o
 .bss           0x0080010e        0x0 ./MUART_Driver_iti_program.o
 .bss           0x0080010e        0x0 ./SPI_program.o
 .bss           0x0080010e        0x0 ./main.o
 .bss           0x0080010e        0x0 g:/embedded systems/01- imt sdk-20220210t204611z-001/01- imt sdk/imt_sdk_win_64/imt_sdk_win_64/winavr/bin/../lib/gcc/avr/4.3.3/avr5\libgcc.a(_mulsi3.o)
 .bss           0x0080010e        0x0 g:/embedded systems/01- imt sdk-20220210t204611z-001/01- imt sdk/imt_sdk_win_64/imt_sdk_win_64/winavr/bin/../lib/gcc/avr/4.3.3/avr5\libgcc.a(_udivmodhi4.o)
 .bss           0x0080010e        0x0 g:/embedded systems/01- imt sdk-20220210t204611z-001/01- imt sdk/imt_sdk_win_64/imt_sdk_win_64/winavr/bin/../lib/gcc/avr/4.3.3/avr5\libgcc.a(_udivmodsi4.o)
 .bss           0x0080010e        0x0 g:/embedded systems/01- imt sdk-20220210t204611z-001/01- imt sdk/imt_sdk_win_64/imt_sdk_win_64/winavr/bin/../lib/gcc/avr/4.3.3/avr5\libgcc.a(_exit.o)
 .bss           0x0080010e        0x0 g:/embedded systems/01- imt sdk-20220210t204611z-001/01- imt sdk/imt_sdk_win_64/imt_sdk_win_64/winavr/bin/../lib/gcc/avr/4.3.3/avr5\libgcc.a(_copy_data.o)
 .bss           0x0080010e        0x0 g:/embedded systems/01- imt sdk-20220210t204611z-001/01- imt sdk/imt_sdk_win_64/imt_sdk_win_64/winavr/bin/../lib/gcc/avr/4.3.3/avr5\libgcc.a(_clear_bss.o)
 .bss           0x0080010e        0x0 g:/embedded systems/01- imt sdk-20220210t204611z-001/01- imt sdk/imt_sdk_win_64/imt_sdk_win_64/winavr/bin/../lib/gcc/avr/4.3.3/avr5\libgcc.a(_fixunssfsi.o)
 .bss           0x0080010e        0x0 g:/embedded systems/01- imt sdk-20220210t204611z-001/01- imt sdk/imt_sdk_win_64/imt_sdk_win_64/winavr/bin/../lib/gcc/avr/4.3.3/avr5\libgcc.a(_addsub_sf.o)
 .bss           0x0080010e        0x0 g:/embedded systems/01- imt sdk-20220210t204611z-001/01- imt sdk/imt_sdk_win_64/imt_sdk_win_64/winavr/bin/../lib/gcc/avr/4.3.3/avr5\libgcc.a(_mul_sf.o)
 .bss           0x0080010e        0x0 g:/embedded systems/01- imt sdk-20220210t204611z-001/01- imt sdk/imt_sdk_win_64/imt_sdk_win_64/winavr/bin/../lib/gcc/avr/4.3.3/avr5\libgcc.a(_div_sf.o)
 .bss           0x0080010e        0x0 g:/embedded systems/01- imt sdk-20220210t204611z-001/01- imt sdk/imt_sdk_win_64/imt_sdk_win_64/winavr/bin/../lib/gcc/avr/4.3.3/avr5\libgcc.a(_gt_sf.o)
 .bss           0x0080010e        0x0 g:/embedded systems/01- imt sdk-20220210t204611z-001/01- imt sdk/imt_sdk_win_64/imt_sdk_win_64/winavr/bin/../lib/gcc/avr/4.3.3/avr5\libgcc.a(_ge_sf.o)
 .bss           0x0080010e        0x0 g:/embedded systems/01- imt sdk-20220210t204611z-001/01- imt sdk/imt_sdk_win_64/imt_sdk_win_64/winavr/bin/../lib/gcc/avr/4.3.3/avr5\libgcc.a(_lt_sf.o)
 .bss           0x0080010e        0x0 g:/embedded systems/01- imt sdk-20220210t204611z-001/01- imt sdk/imt_sdk_win_64/imt_sdk_win_64/winavr/bin/../lib/gcc/avr/4.3.3/avr5\libgcc.a(_sf_to_si.o)
 .bss           0x0080010e        0x0 g:/embedded systems/01- imt sdk-20220210t204611z-001/01- imt sdk/imt_sdk_win_64/imt_sdk_win_64/winavr/bin/../lib/gcc/avr/4.3.3/avr5\libgcc.a(_thenan_sf.o)
 .bss           0x0080010e        0x0 g:/embedded systems/01- imt sdk-20220210t204611z-001/01- imt sdk/imt_sdk_win_64/imt_sdk_win_64/winavr/bin/../lib/gcc/avr/4.3.3/avr5\libgcc.a(_prologue.o)
 .bss           0x0080010e        0x0 g:/embedded systems/01- imt sdk-20220210t204611z-001/01- imt sdk/imt_sdk_win_64/imt_sdk_win_64/winavr/bin/../lib/gcc/avr/4.3.3/avr5\libgcc.a(_epilogue.o)
 .bss           0x0080010e        0x0 g:/embedded systems/01- imt sdk-20220210t204611z-001/01- imt sdk/imt_sdk_win_64/imt_sdk_win_64/winavr/bin/../lib/gcc/avr/4.3.3/avr5\libgcc.a(_pack_sf.o)
 .bss           0x0080010e        0x0 g:/embedded systems/01- imt sdk-20220210t204611z-001/01- imt sdk/imt_sdk_win_64/imt_sdk_win_64/winavr/bin/../lib/gcc/avr/4.3.3/avr5\libgcc.a(_unpack_sf.o)
 .bss           0x0080010e        0x0 g:/embedded systems/01- imt sdk-20220210t204611z-001/01- imt sdk/imt_sdk_win_64/imt_sdk_win_64/winavr/bin/../lib/gcc/avr/4.3.3/avr5\libgcc.a(_fpcmp_parts_sf.o)
 .bss           0x0080010e        0x0 g:/embedded systems/01- imt sdk-20220210t204611z-001/01- imt sdk/imt_sdk_win_64/imt_sdk_win_64/winavr/bin/../lib/gcc/avr/4.3.3/../../../../avr/lib/avr5\libc.a(itoa.o)
 .bss           0x0080010e        0x0 g:/embedded systems/01- imt sdk-20220210t204611z-001/01- imt sdk/imt_sdk_win_64/imt_sdk_win_64/winavr/bin/../lib/gcc/avr/4.3.3/../../../../avr/lib/avr5\libc.a(strrev.o)
 *(.bss*)
 .bss.flag_User
                0x0080010e        0x1 ./main.o
                0x0080010e                flag_User
 .bss.flag_AddID
                0x0080010f        0x1 ./main.o
                0x0080010f                flag_AddID
 .bss.flag_CorrectPass
                0x00800110        0x1 ./main.o
                0x00800110                flag_CorrectPass
 *(COMMON)
                0x00800111                PROVIDE (__bss_end, .)
                0x00005a64                __data_load_start = LOADADDR (.data)
                0x00005b12                __data_load_end = (__data_load_start + SIZEOF (.data))

.noinit         0x00800111        0x0
                0x00800111                PROVIDE (__noinit_start, .)
 *(.noinit*)
                0x00800111                PROVIDE (__noinit_end, .)
                0x00800111                _end = .
                0x00800111                PROVIDE (__heap_start, .)

.eeprom         0x00810000        0x0
 *(.eeprom*)
                0x00810000                __eeprom_end = .

.fuse
 *(.fuse)
 *(.lfuse)
 *(.hfuse)
 *(.efuse)

.lock
 *(.lock*)

.signature
 *(.signature*)

.stab           0x00000000     0x4674
 *(.stab)
 .stab          0x00000000      0x294 ./EEPROM_program.o
 .stab          0x00000294      0x408 ./HKPD_program.o
                                0x4b0 (size before relaxing)
 .stab          0x0000069c     0x16c8 ./HLCD_program.o
                               0x18f0 (size before relaxing)
 .stab          0x00001d64      0x270 ./M-adc_program.o
                                0x318 (size before relaxing)
 .stab          0x00001fd4      0x78c ./MDIO_program.o
                                0x834 (size before relaxing)
 .stab          0x00002760      0x2d0 ./MTWI_program.o
                                0x378 (size before relaxing)
 .stab          0x00002a30      0x234 ./MUART_Driver_iti_program.o
                                0x2dc (size before relaxing)
 .stab          0x00002c64      0x1d4 ./SPI_program.o
                                0x27c (size before relaxing)
 .stab          0x00002e38     0x183c ./main.o
                               0x1a70 (size before relaxing)

.stabstr        0x00000000     0x153e
 *(.stabstr)
 .stabstr       0x00000000     0x153e ./EEPROM_program.o

.stab.excl
 *(.stab.excl)

.stab.exclstr
 *(.stab.exclstr)

.stab.index
 *(.stab.index)

.stab.indexstr
 *(.stab.indexstr)

.comment
 *(.comment)

.debug
 *(.debug)

.line
 *(.line)

.debug_srcinfo
 *(.debug_srcinfo)

.debug_sfnames
 *(.debug_sfnames)

.debug_aranges  0x00000000      0x160
 *(.debug_aranges)
 .debug_aranges
                0x00000000       0x20 g:/embedded systems/01- imt sdk-20220210t204611z-001/01- imt sdk/imt_sdk_win_64/imt_sdk_win_64/winavr/bin/../lib/gcc/avr/4.3.3/avr5\libgcc.a(_fixunssfsi.o)
 .debug_aranges
                0x00000020       0x20 g:/embedded systems/01- imt sdk-20220210t204611z-001/01- imt sdk/imt_sdk_win_64/imt_sdk_win_64/winavr/bin/../lib/gcc/avr/4.3.3/avr5\libgcc.a(_addsub_sf.o)
 .debug_aranges
                0x00000040       0x20 g:/embedded systems/01- imt sdk-20220210t204611z-001/01- imt sdk/imt_sdk_win_64/imt_sdk_win_64/winavr/bin/../lib/gcc/avr/4.3.3/avr5\libgcc.a(_mul_sf.o)
 .debug_aranges
                0x00000060       0x20 g:/embedded systems/01- imt sdk-20220210t204611z-001/01- imt sdk/imt_sdk_win_64/imt_sdk_win_64/winavr/bin/../lib/gcc/avr/4.3.3/avr5\libgcc.a(_div_sf.o)
 .debug_aranges
                0x00000080       0x20 g:/embedded systems/01- imt sdk-20220210t204611z-001/01- imt sdk/imt_sdk_win_64/imt_sdk_win_64/winavr/bin/../lib/gcc/avr/4.3.3/avr5\libgcc.a(_gt_sf.o)
 .debug_aranges
                0x000000a0       0x20 g:/embedded systems/01- imt sdk-20220210t204611z-001/01- imt sdk/imt_sdk_win_64/imt_sdk_win_64/winavr/bin/../lib/gcc/avr/4.3.3/avr5\libgcc.a(_ge_sf.o)
 .debug_aranges
                0x000000c0       0x20 g:/embedded systems/01- imt sdk-20220210t204611z-001/01- imt sdk/imt_sdk_win_64/imt_sdk_win_64/winavr/bin/../lib/gcc/avr/4.3.3/avr5\libgcc.a(_lt_sf.o)
 .debug_aranges
                0x000000e0       0x20 g:/embedded systems/01- imt sdk-20220210t204611z-001/01- imt sdk/imt_sdk_win_64/imt_sdk_win_64/winavr/bin/../lib/gcc/avr/4.3.3/avr5\libgcc.a(_sf_to_si.o)
 .debug_aranges
                0x00000100       0x20 g:/embedded systems/01- imt sdk-20220210t204611z-001/01- imt sdk/imt_sdk_win_64/imt_sdk_win_64/winavr/bin/../lib/gcc/avr/4.3.3/avr5\libgcc.a(_pack_sf.o)
 .debug_aranges
                0x00000120       0x20 g:/embedded systems/01- imt sdk-20220210t204611z-001/01- imt sdk/imt_sdk_win_64/imt_sdk_win_64/winavr/bin/../lib/gcc/avr/4.3.3/avr5\libgcc.a(_unpack_sf.o)
 .debug_aranges
                0x00000140       0x20 g:/embedded systems/01- imt sdk-20220210t204611z-001/01- imt sdk/imt_sdk_win_64/imt_sdk_win_64/winavr/bin/../lib/gcc/avr/4.3.3/avr5\libgcc.a(_fpcmp_parts_sf.o)

.debug_pubnames
                0x00000000      0x18f
 *(.debug_pubnames)
 .debug_pubnames
                0x00000000       0x23 g:/embedded systems/01- imt sdk-20220210t204611z-001/01- imt sdk/imt_sdk_win_64/imt_sdk_win_64/winavr/bin/../lib/gcc/avr/4.3.3/avr5\libgcc.a(_fixunssfsi.o)
 .debug_pubnames
                0x00000023       0x2c g:/embedded systems/01- imt sdk-20220210t204611z-001/01- imt sdk/imt_sdk_win_64/imt_sdk_win_64/winavr/bin/../lib/gcc/avr/4.3.3/avr5\libgcc.a(_addsub_sf.o)
 .debug_pubnames
                0x0000004f       0x1f g:/embedded systems/01- imt sdk-20220210t204611z-001/01- imt sdk/imt_sdk_win_64/imt_sdk_win_64/winavr/bin/../lib/gcc/avr/4.3.3/avr5\libgcc.a(_mul_sf.o)
 .debug_pubnames
                0x0000006e       0x1f g:/embedded systems/01- imt sdk-20220210t204611z-001/01- imt sdk/imt_sdk_win_64/imt_sdk_win_64/winavr/bin/../lib/gcc/avr/4.3.3/avr5\libgcc.a(_div_sf.o)
 .debug_pubnames
                0x0000008d       0x1e g:/embedded systems/01- imt sdk-20220210t204611z-001/01- imt sdk/imt_sdk_win_64/imt_sdk_win_64/winavr/bin/../lib/gcc/avr/4.3.3/avr5\libgcc.a(_gt_sf.o)
 .debug_pubnames
                0x000000ab       0x1e g:/embedded systems/01- imt sdk-20220210t204611z-001/01- imt sdk/imt_sdk_win_64/imt_sdk_win_64/winavr/bin/../lib/gcc/avr/4.3.3/avr5\libgcc.a(_ge_sf.o)
 .debug_pubnames
                0x000000c9       0x1e g:/embedded systems/01- imt sdk-20220210t204611z-001/01- imt sdk/imt_sdk_win_64/imt_sdk_win_64/winavr/bin/../lib/gcc/avr/4.3.3/avr5\libgcc.a(_lt_sf.o)
 .debug_pubnames
                0x000000e7       0x20 g:/embedded systems/01- imt sdk-20220210t204611z-001/01- imt sdk/imt_sdk_win_64/imt_sdk_win_64/winavr/bin/../lib/gcc/avr/4.3.3/avr5\libgcc.a(_sf_to_si.o)
 .debug_pubnames
                0x00000107       0x22 g:/embedded systems/01- imt sdk-20220210t204611z-001/01- imt sdk/imt_sdk_win_64/imt_sdk_win_64/winavr/bin/../lib/gcc/avr/4.3.3/avr5\libgcc.a(_thenan_sf.o)
 .debug_pubnames
                0x00000129       0x1f g:/embedded systems/01- imt sdk-20220210t204611z-001/01- imt sdk/imt_sdk_win_64/imt_sdk_win_64/winavr/bin/../lib/gcc/avr/4.3.3/avr5\libgcc.a(_pack_sf.o)
 .debug_pubnames
                0x00000148       0x21 g:/embedded systems/01- imt sdk-20220210t204611z-001/01- imt sdk/imt_sdk_win_64/imt_sdk_win_64/winavr/bin/../lib/gcc/avr/4.3.3/avr5\libgcc.a(_unpack_sf.o)
 .debug_pubnames
                0x00000169       0x26 g:/embedded systems/01- imt sdk-20220210t204611z-001/01- imt sdk/imt_sdk_win_64/imt_sdk_win_64/winavr/bin/../lib/gcc/avr/4.3.3/avr5\libgcc.a(_fpcmp_parts_sf.o)

.debug_info     0x00000000     0x2045
 *(.debug_info)
 .debug_info    0x00000000       0xb1 g:/embedded systems/01- imt sdk-20220210t204611z-001/01- imt sdk/imt_sdk_win_64/imt_sdk_win_64/winavr/bin/../lib/gcc/avr/4.3.3/avr5\libgcc.a(_fixunssfsi.o)
 .debug_info    0x000000b1      0x47a g:/embedded systems/01- imt sdk-20220210t204611z-001/01- imt sdk/imt_sdk_win_64/imt_sdk_win_64/winavr/bin/../lib/gcc/avr/4.3.3/avr5\libgcc.a(_addsub_sf.o)
 .debug_info    0x0000052b      0x485 g:/embedded systems/01- imt sdk-20220210t204611z-001/01- imt sdk/imt_sdk_win_64/imt_sdk_win_64/winavr/bin/../lib/gcc/avr/4.3.3/avr5\libgcc.a(_mul_sf.o)
 .debug_info    0x000009b0      0x3fc g:/embedded systems/01- imt sdk-20220210t204611z-001/01- imt sdk/imt_sdk_win_64/imt_sdk_win_64/winavr/bin/../lib/gcc/avr/4.3.3/avr5\libgcc.a(_div_sf.o)
 .debug_info    0x00000dac      0x27f g:/embedded systems/01- imt sdk-20220210t204611z-001/01- imt sdk/imt_sdk_win_64/imt_sdk_win_64/winavr/bin/../lib/gcc/avr/4.3.3/avr5\libgcc.a(_gt_sf.o)
 .debug_info    0x0000102b      0x27f g:/embedded systems/01- imt sdk-20220210t204611z-001/01- imt sdk/imt_sdk_win_64/imt_sdk_win_64/winavr/bin/../lib/gcc/avr/4.3.3/avr5\libgcc.a(_ge_sf.o)
 .debug_info    0x000012aa      0x27f g:/embedded systems/01- imt sdk-20220210t204611z-001/01- imt sdk/imt_sdk_win_64/imt_sdk_win_64/winavr/bin/../lib/gcc/avr/4.3.3/avr5\libgcc.a(_lt_sf.o)
 .debug_info    0x00001529      0x2b0 g:/embedded systems/01- imt sdk-20220210t204611z-001/01- imt sdk/imt_sdk_win_64/imt_sdk_win_64/winavr/bin/../lib/gcc/avr/4.3.3/avr5\libgcc.a(_sf_to_si.o)
 .debug_info    0x000017d9      0x12c g:/embedded systems/01- imt sdk-20220210t204611z-001/01- imt sdk/imt_sdk_win_64/imt_sdk_win_64/winavr/bin/../lib/gcc/avr/4.3.3/avr5\libgcc.a(_thenan_sf.o)
 .debug_info    0x00001905      0x2df g:/embedded systems/01- imt sdk-20220210t204611z-001/01- imt sdk/imt_sdk_win_64/imt_sdk_win_64/winavr/bin/../lib/gcc/avr/4.3.3/avr5\libgcc.a(_pack_sf.o)
 .debug_info    0x00001be4      0x251 g:/embedded systems/01- imt sdk-20220210t204611z-001/01- imt sdk/imt_sdk_win_64/imt_sdk_win_64/winavr/bin/../lib/gcc/avr/4.3.3/avr5\libgcc.a(_unpack_sf.o)
 .debug_info    0x00001e35      0x210 g:/embedded systems/01- imt sdk-20220210t204611z-001/01- imt sdk/imt_sdk_win_64/imt_sdk_win_64/winavr/bin/../lib/gcc/avr/4.3.3/avr5\libgcc.a(_fpcmp_parts_sf.o)
 *(.gnu.linkonce.wi.*)

.debug_abbrev   0x00000000     0x1101
 *(.debug_abbrev)
 .debug_abbrev  0x00000000       0x5d g:/embedded systems/01- imt sdk-20220210t204611z-001/01- imt sdk/imt_sdk_win_64/imt_sdk_win_64/winavr/bin/../lib/gcc/avr/4.3.3/avr5\libgcc.a(_fixunssfsi.o)
 .debug_abbrev  0x0000005d      0x1ea g:/embedded systems/01- imt sdk-20220210t204611z-001/01- imt sdk/imt_sdk_win_64/imt_sdk_win_64/winavr/bin/../lib/gcc/avr/4.3.3/avr5\libgcc.a(_addsub_sf.o)
 .debug_abbrev  0x00000247      0x21b g:/embedded systems/01- imt sdk-20220210t204611z-001/01- imt sdk/imt_sdk_win_64/imt_sdk_win_64/winavr/bin/../lib/gcc/avr/4.3.3/avr5\libgcc.a(_mul_sf.o)
 .debug_abbrev  0x00000462      0x216 g:/embedded systems/01- imt sdk-20220210t204611z-001/01- imt sdk/imt_sdk_win_64/imt_sdk_win_64/winavr/bin/../lib/gcc/avr/4.3.3/avr5\libgcc.a(_div_sf.o)
 .debug_abbrev  0x00000678      0x15a g:/embedded systems/01- imt sdk-20220210t204611z-001/01- imt sdk/imt_sdk_win_64/imt_sdk_win_64/winavr/bin/../lib/gcc/avr/4.3.3/avr5\libgcc.a(_gt_sf.o)
 .debug_abbrev  0x000007d2      0x15a g:/embedded systems/01- imt sdk-20220210t204611z-001/01- imt sdk/imt_sdk_win_64/imt_sdk_win_64/winavr/bin/../lib/gcc/avr/4.3.3/avr5\libgcc.a(_ge_sf.o)
 .debug_abbrev  0x0000092c      0x15a g:/embedded systems/01- imt sdk-20220210t204611z-001/01- imt sdk/imt_sdk_win_64/imt_sdk_win_64/winavr/bin/../lib/gcc/avr/4.3.3/avr5\libgcc.a(_lt_sf.o)
 .debug_abbrev  0x00000a86      0x17f g:/embedded systems/01- imt sdk-20220210t204611z-001/01- imt sdk/imt_sdk_win_64/imt_sdk_win_64/winavr/bin/../lib/gcc/avr/4.3.3/avr5\libgcc.a(_sf_to_si.o)
 .debug_abbrev  0x00000c05       0xad g:/embedded systems/01- imt sdk-20220210t204611z-001/01- imt sdk/imt_sdk_win_64/imt_sdk_win_64/winavr/bin/../lib/gcc/avr/4.3.3/avr5\libgcc.a(_thenan_sf.o)
 .debug_abbrev  0x00000cb2      0x1c0 g:/embedded systems/01- imt sdk-20220210t204611z-001/01- imt sdk/imt_sdk_win_64/imt_sdk_win_64/winavr/bin/../lib/gcc/avr/4.3.3/avr5\libgcc.a(_pack_sf.o)
 .debug_abbrev  0x00000e72      0x154 g:/embedded systems/01- imt sdk-20220210t204611z-001/01- imt sdk/imt_sdk_win_64/imt_sdk_win_64/winavr/bin/../lib/gcc/avr/4.3.3/avr5\libgcc.a(_unpack_sf.o)
 .debug_abbrev  0x00000fc6      0x13b g:/embedded systems/01- imt sdk-20220210t204611z-001/01- imt sdk/imt_sdk_win_64/imt_sdk_win_64/winavr/bin/../lib/gcc/avr/4.3.3/avr5\libgcc.a(_fpcmp_parts_sf.o)

.debug_line     0x00000000      0xf82
 *(.debug_line)
 .debug_line    0x00000000       0xa7 g:/embedded systems/01- imt sdk-20220210t204611z-001/01- imt sdk/imt_sdk_win_64/imt_sdk_win_64/winavr/bin/../lib/gcc/avr/4.3.3/avr5\libgcc.a(_fixunssfsi.o)
 .debug_line    0x000000a7      0x2af g:/embedded systems/01- imt sdk-20220210t204611z-001/01- imt sdk/imt_sdk_win_64/imt_sdk_win_64/winavr/bin/../lib/gcc/avr/4.3.3/avr5\libgcc.a(_addsub_sf.o)
 .debug_line    0x00000356      0x239 g:/embedded systems/01- imt sdk-20220210t204611z-001/01- imt sdk/imt_sdk_win_64/imt_sdk_win_64/winavr/bin/../lib/gcc/avr/4.3.3/avr5\libgcc.a(_mul_sf.o)
 .debug_line    0x0000058f      0x1d5 g:/embedded systems/01- imt sdk-20220210t204611z-001/01- imt sdk/imt_sdk_win_64/imt_sdk_win_64/winavr/bin/../lib/gcc/avr/4.3.3/avr5\libgcc.a(_div_sf.o)
 .debug_line    0x00000764       0xd3 g:/embedded systems/01- imt sdk-20220210t204611z-001/01- imt sdk/imt_sdk_win_64/imt_sdk_win_64/winavr/bin/../lib/gcc/avr/4.3.3/avr5\libgcc.a(_gt_sf.o)
 .debug_line    0x00000837       0xd3 g:/embedded systems/01- imt sdk-20220210t204611z-001/01- imt sdk/imt_sdk_win_64/imt_sdk_win_64/winavr/bin/../lib/gcc/avr/4.3.3/avr5\libgcc.a(_ge_sf.o)
 .debug_line    0x0000090a       0xd3 g:/embedded systems/01- imt sdk-20220210t204611z-001/01- imt sdk/imt_sdk_win_64/imt_sdk_win_64/winavr/bin/../lib/gcc/avr/4.3.3/avr5\libgcc.a(_lt_sf.o)
 .debug_line    0x000009dd      0x109 g:/embedded systems/01- imt sdk-20220210t204611z-001/01- imt sdk/imt_sdk_win_64/imt_sdk_win_64/winavr/bin/../lib/gcc/avr/4.3.3/avr5\libgcc.a(_sf_to_si.o)
 .debug_line    0x00000ae6       0x90 g:/embedded systems/01- imt sdk-20220210t204611z-001/01- imt sdk/imt_sdk_win_64/imt_sdk_win_64/winavr/bin/../lib/gcc/avr/4.3.3/avr5\libgcc.a(_thenan_sf.o)
 .debug_line    0x00000b76      0x18a g:/embedded systems/01- imt sdk-20220210t204611z-001/01- imt sdk/imt_sdk_win_64/imt_sdk_win_64/winavr/bin/../lib/gcc/avr/4.3.3/avr5\libgcc.a(_pack_sf.o)
 .debug_line    0x00000d00      0x14b g:/embedded systems/01- imt sdk-20220210t204611z-001/01- imt sdk/imt_sdk_win_64/imt_sdk_win_64/winavr/bin/../lib/gcc/avr/4.3.3/avr5\libgcc.a(_unpack_sf.o)
 .debug_line    0x00000e4b      0x137 g:/embedded systems/01- imt sdk-20220210t204611z-001/01- imt sdk/imt_sdk_win_64/imt_sdk_win_64/winavr/bin/../lib/gcc/avr/4.3.3/avr5\libgcc.a(_fpcmp_parts_sf.o)

.debug_frame    0x00000000      0x180
 *(.debug_frame)
 .debug_frame   0x00000000       0x20 g:/embedded systems/01- imt sdk-20220210t204611z-001/01- imt sdk/imt_sdk_win_64/imt_sdk_win_64/winavr/bin/../lib/gcc/avr/4.3.3/avr5\libgcc.a(_fixunssfsi.o)
 .debug_frame   0x00000020       0x40 g:/embedded systems/01- imt sdk-20220210t204611z-001/01- imt sdk/imt_sdk_win_64/imt_sdk_win_64/winavr/bin/../lib/gcc/avr/4.3.3/avr5\libgcc.a(_addsub_sf.o)
 .debug_frame   0x00000060       0x20 g:/embedded systems/01- imt sdk-20220210t204611z-001/01- imt sdk/imt_sdk_win_64/imt_sdk_win_64/winavr/bin/../lib/gcc/avr/4.3.3/avr5\libgcc.a(_mul_sf.o)
 .debug_frame   0x00000080       0x20 g:/embedded systems/01- imt sdk-20220210t204611z-001/01- imt sdk/imt_sdk_win_64/imt_sdk_win_64/winavr/bin/../lib/gcc/avr/4.3.3/avr5\libgcc.a(_div_sf.o)
 .debug_frame   0x000000a0       0x20 g:/embedded systems/01- imt sdk-20220210t204611z-001/01- imt sdk/imt_sdk_win_64/imt_sdk_win_64/winavr/bin/../lib/gcc/avr/4.3.3/avr5\libgcc.a(_gt_sf.o)
 .debug_frame   0x000000c0       0x20 g:/embedded systems/01- imt sdk-20220210t204611z-001/01- imt sdk/imt_sdk_win_64/imt_sdk_win_64/winavr/bin/../lib/gcc/avr/4.3.3/avr5\libgcc.a(_ge_sf.o)
 .debug_frame   0x000000e0       0x20 g:/embedded systems/01- imt sdk-20220210t204611z-001/01- imt sdk/imt_sdk_win_64/imt_sdk_win_64/winavr/bin/../lib/gcc/avr/4.3.3/avr5\libgcc.a(_lt_sf.o)
 .debug_frame   0x00000100       0x20 g:/embedded systems/01- imt sdk-20220210t204611z-001/01- imt sdk/imt_sdk_win_64/imt_sdk_win_64/winavr/bin/../lib/gcc/avr/4.3.3/avr5\libgcc.a(_sf_to_si.o)
 .debug_frame   0x00000120       0x20 g:/embedded systems/01- imt sdk-20220210t204611z-001/01- imt sdk/imt_sdk_win_64/imt_sdk_win_64/winavr/bin/../lib/gcc/avr/4.3.3/avr5\libgcc.a(_pack_sf.o)
 .debug_frame   0x00000140       0x20 g:/embedded systems/01- imt sdk-20220210t204611z-001/01- imt sdk/imt_sdk_win_64/imt_sdk_win_64/winavr/bin/../lib/gcc/avr/4.3.3/avr5\libgcc.a(_unpack_sf.o)
 .debug_frame   0x00000160       0x20 g:/embedded systems/01- imt sdk-20220210t204611z-001/01- imt sdk/imt_sdk_win_64/imt_sdk_win_64/winavr/bin/../lib/gcc/avr/4.3.3/avr5\libgcc.a(_fpcmp_parts_sf.o)

.debug_str      0x00000000      0x2c2
 *(.debug_str)
 .debug_str     0x00000000       0xbf g:/embedded systems/01- imt sdk-20220210t204611z-001/01- imt sdk/imt_sdk_win_64/imt_sdk_win_64/winavr/bin/../lib/gcc/avr/4.3.3/avr5\libgcc.a(_fixunssfsi.o)
                                 0xfe (size before relaxing)
 .debug_str     0x000000bf      0x14d g:/embedded systems/01- imt sdk-20220210t204611z-001/01- imt sdk/imt_sdk_win_64/imt_sdk_win_64/winavr/bin/../lib/gcc/avr/4.3.3/avr5\libgcc.a(_addsub_sf.o)
                                0x206 (size before relaxing)
 .debug_str     0x0000020c       0x27 g:/embedded systems/01- imt sdk-20220210t204611z-001/01- imt sdk/imt_sdk_win_64/imt_sdk_win_64/winavr/bin/../lib/gcc/avr/4.3.3/avr5\libgcc.a(_mul_sf.o)
                                0x1bf (size before relaxing)
 .debug_str     0x00000233       0x35 g:/embedded systems/01- imt sdk-20220210t204611z-001/01- imt sdk/imt_sdk_win_64/imt_sdk_win_64/winavr/bin/../lib/gcc/avr/4.3.3/avr5\libgcc.a(_div_sf.o)
                                0x1c8 (size before relaxing)
 .debug_str     0x00000268        0xf g:/embedded systems/01- imt sdk-20220210t204611z-001/01- imt sdk/imt_sdk_win_64/imt_sdk_win_64/winavr/bin/../lib/gcc/avr/4.3.3/avr5\libgcc.a(_gt_sf.o)
                                0x195 (size before relaxing)
 .debug_str     0x00000277        0x8 g:/embedded systems/01- imt sdk-20220210t204611z-001/01- imt sdk/imt_sdk_win_64/imt_sdk_win_64/winavr/bin/../lib/gcc/avr/4.3.3/avr5\libgcc.a(_ge_sf.o)
                                0x195 (size before relaxing)
 .debug_str     0x0000027f        0x8 g:/embedded systems/01- imt sdk-20220210t204611z-001/01- imt sdk/imt_sdk_win_64/imt_sdk_win_64/winavr/bin/../lib/gcc/avr/4.3.3/avr5\libgcc.a(_lt_sf.o)
                                0x195 (size before relaxing)
 .debug_str     0x00000287        0xa g:/embedded systems/01- imt sdk-20220210t204611z-001/01- imt sdk/imt_sdk_win_64/imt_sdk_win_64/winavr/bin/../lib/gcc/avr/4.3.3/avr5\libgcc.a(_sf_to_si.o)
                                0x19e (size before relaxing)
 .debug_str     0x00000000      0x103 g:/embedded systems/01- imt sdk-20220210t204611z-001/01- imt sdk/imt_sdk_win_64/imt_sdk_win_64/winavr/bin/../lib/gcc/avr/4.3.3/avr5\libgcc.a(_thenan_sf.o)
 .debug_str     0x00000291       0x16 g:/embedded systems/01- imt sdk-20220210t204611z-001/01- imt sdk/imt_sdk_win_64/imt_sdk_win_64/winavr/bin/../lib/gcc/avr/4.3.3/avr5\libgcc.a(_pack_sf.o)
                                0x19d (size before relaxing)
 .debug_str     0x000002a7        0xb g:/embedded systems/01- imt sdk-20220210t204611z-001/01- imt sdk/imt_sdk_win_64/imt_sdk_win_64/winavr/bin/../lib/gcc/avr/4.3.3/avr5\libgcc.a(_unpack_sf.o)
                                0x17f (size before relaxing)
 .debug_str     0x000002b2       0x10 g:/embedded systems/01- imt sdk-20220210t204611z-001/01- imt sdk/imt_sdk_win_64/imt_sdk_win_64/winavr/bin/../lib/gcc/avr/4.3.3/avr5\libgcc.a(_fpcmp_parts_sf.o)
                                0x163 (size before relaxing)

.debug_loc      0x00000000      0x88e
 *(.debug_loc)
 .debug_loc     0x00000000       0x34 g:/embedded systems/01- imt sdk-20220210t204611z-001/01- imt sdk/imt_sdk_win_64/imt_sdk_win_64/winavr/bin/../lib/gcc/avr/4.3.3/avr5\libgcc.a(_fixunssfsi.o)
 .debug_loc     0x00000034      0x32a g:/embedded systems/01- imt sdk-20220210t204611z-001/01- imt sdk/imt_sdk_win_64/imt_sdk_win_64/winavr/bin/../lib/gcc/avr/4.3.3/avr5\libgcc.a(_addsub_sf.o)
 .debug_loc     0x0000035e      0x104 g:/embedded systems/01- imt sdk-20220210t204611z-001/01- imt sdk/imt_sdk_win_64/imt_sdk_win_64/winavr/bin/../lib/gcc/avr/4.3.3/avr5\libgcc.a(_mul_sf.o)
 .debug_loc     0x00000462       0xc0 g:/embedded systems/01- imt sdk-20220210t204611z-001/01- imt sdk/imt_sdk_win_64/imt_sdk_win_64/winavr/bin/../lib/gcc/avr/4.3.3/avr5\libgcc.a(_div_sf.o)
 .debug_loc     0x00000522       0x3c g:/embedded systems/01- imt sdk-20220210t204611z-001/01- imt sdk/imt_sdk_win_64/imt_sdk_win_64/winavr/bin/../lib/gcc/avr/4.3.3/avr5\libgcc.a(_gt_sf.o)
 .debug_loc     0x0000055e       0x3c g:/embedded systems/01- imt sdk-20220210t204611z-001/01- imt sdk/imt_sdk_win_64/imt_sdk_win_64/winavr/bin/../lib/gcc/avr/4.3.3/avr5\libgcc.a(_ge_sf.o)
 .debug_loc     0x0000059a       0x3c g:/embedded systems/01- imt sdk-20220210t204611z-001/01- imt sdk/imt_sdk_win_64/imt_sdk_win_64/winavr/bin/../lib/gcc/avr/4.3.3/avr5\libgcc.a(_lt_sf.o)
 .debug_loc     0x000005d6       0x7e g:/embedded systems/01- imt sdk-20220210t204611z-001/01- imt sdk/imt_sdk_win_64/imt_sdk_win_64/winavr/bin/../lib/gcc/avr/4.3.3/avr5\libgcc.a(_sf_to_si.o)
 .debug_loc     0x00000654      0x13e g:/embedded systems/01- imt sdk-20220210t204611z-001/01- imt sdk/imt_sdk_win_64/imt_sdk_win_64/winavr/bin/../lib/gcc/avr/4.3.3/avr5\libgcc.a(_pack_sf.o)
 .debug_loc     0x00000792       0xac g:/embedded systems/01- imt sdk-20220210t204611z-001/01- imt sdk/imt_sdk_win_64/imt_sdk_win_64/winavr/bin/../lib/gcc/avr/4.3.3/avr5\libgcc.a(_unpack_sf.o)
 .debug_loc     0x0000083e       0x50 g:/embedded systems/01- imt sdk-20220210t204611z-001/01- imt sdk/imt_sdk_win_64/imt_sdk_win_64/winavr/bin/../lib/gcc/avr/4.3.3/avr5\libgcc.a(_fpcmp_parts_sf.o)

.debug_macinfo
 *(.debug_macinfo)
OUTPUT(final_projectAVR_master_iti.elf elf32-avr)
LOAD linker stubs

.debug_ranges   0x00000000       0x50
 .debug_ranges  0x00000000       0x50 g:/embedded systems/01- imt sdk-20220210t204611z-001/01- imt sdk/imt_sdk_win_64/imt_sdk_win_64/winavr/bin/../lib/gcc/avr/4.3.3/avr5\libgcc.a(_mul_sf.o)
