Archive member included to satisfy reference by file (symbol)

C:/ST/STM32CubeIDE_1.13.1/STM32CubeIDE/plugins/com.st.stm32cube.ide.mcu.externaltools.gnu-tools-for-stm32.11.3.rel1.win32_1.1.1.202309131626/tools/bin/../lib/gcc/arm-none-eabi/11.3.1/../../../../arm-none-eabi/lib/thumb/v7e-m+fp/hard\libc_nano.a(libc_a-exit.o)
                              C:/ST/STM32CubeIDE_1.13.1/STM32CubeIDE/plugins/com.st.stm32cube.ide.mcu.externaltools.gnu-tools-for-stm32.11.3.rel1.win32_1.1.1.202309131626/tools/bin/../lib/gcc/arm-none-eabi/11.3.1/../../../../arm-none-eabi/lib/thumb/v7e-m+fp/hard/crt0.o (exit)
C:/ST/STM32CubeIDE_1.13.1/STM32CubeIDE/plugins/com.st.stm32cube.ide.mcu.externaltools.gnu-tools-for-stm32.11.3.rel1.win32_1.1.1.202309131626/tools/bin/../lib/gcc/arm-none-eabi/11.3.1/../../../../arm-none-eabi/lib/thumb/v7e-m+fp/hard\libc_nano.a(libc_a-findfp.o)
                              C:/ST/STM32CubeIDE_1.13.1/STM32CubeIDE/plugins/com.st.stm32cube.ide.mcu.externaltools.gnu-tools-for-stm32.11.3.rel1.win32_1.1.1.202309131626/tools/bin/../lib/gcc/arm-none-eabi/11.3.1/../../../../arm-none-eabi/lib/thumb/v7e-m+fp/hard\libc_nano.a(libc_a-exit.o) (__stdio_exit_handler)
C:/ST/STM32CubeIDE_1.13.1/STM32CubeIDE/plugins/com.st.stm32cube.ide.mcu.externaltools.gnu-tools-for-stm32.11.3.rel1.win32_1.1.1.202309131626/tools/bin/../lib/gcc/arm-none-eabi/11.3.1/../../../../arm-none-eabi/lib/thumb/v7e-m+fp/hard\libc_nano.a(libc_a-fwalk.o)
                              C:/ST/STM32CubeIDE_1.13.1/STM32CubeIDE/plugins/com.st.stm32cube.ide.mcu.externaltools.gnu-tools-for-stm32.11.3.rel1.win32_1.1.1.202309131626/tools/bin/../lib/gcc/arm-none-eabi/11.3.1/../../../../arm-none-eabi/lib/thumb/v7e-m+fp/hard\libc_nano.a(libc_a-findfp.o) (_fwalk_sglue)
C:/ST/STM32CubeIDE_1.13.1/STM32CubeIDE/plugins/com.st.stm32cube.ide.mcu.externaltools.gnu-tools-for-stm32.11.3.rel1.win32_1.1.1.202309131626/tools/bin/../lib/gcc/arm-none-eabi/11.3.1/../../../../arm-none-eabi/lib/thumb/v7e-m+fp/hard\libc_nano.a(libc_a-stdio.o)
                              C:/ST/STM32CubeIDE_1.13.1/STM32CubeIDE/plugins/com.st.stm32cube.ide.mcu.externaltools.gnu-tools-for-stm32.11.3.rel1.win32_1.1.1.202309131626/tools/bin/../lib/gcc/arm-none-eabi/11.3.1/../../../../arm-none-eabi/lib/thumb/v7e-m+fp/hard\libc_nano.a(libc_a-findfp.o) (__sread)
C:/ST/STM32CubeIDE_1.13.1/STM32CubeIDE/plugins/com.st.stm32cube.ide.mcu.externaltools.gnu-tools-for-stm32.11.3.rel1.win32_1.1.1.202309131626/tools/bin/../lib/gcc/arm-none-eabi/11.3.1/../../../../arm-none-eabi/lib/thumb/v7e-m+fp/hard\libc_nano.a(libc_a-memset.o)
                              C:/ST/STM32CubeIDE_1.13.1/STM32CubeIDE/plugins/com.st.stm32cube.ide.mcu.externaltools.gnu-tools-for-stm32.11.3.rel1.win32_1.1.1.202309131626/tools/bin/../lib/gcc/arm-none-eabi/11.3.1/../../../../arm-none-eabi/lib/thumb/v7e-m+fp/hard/crt0.o (memset)
C:/ST/STM32CubeIDE_1.13.1/STM32CubeIDE/plugins/com.st.stm32cube.ide.mcu.externaltools.gnu-tools-for-stm32.11.3.rel1.win32_1.1.1.202309131626/tools/bin/../lib/gcc/arm-none-eabi/11.3.1/../../../../arm-none-eabi/lib/thumb/v7e-m+fp/hard\libc_nano.a(libc_a-closer.o)
                              C:/ST/STM32CubeIDE_1.13.1/STM32CubeIDE/plugins/com.st.stm32cube.ide.mcu.externaltools.gnu-tools-for-stm32.11.3.rel1.win32_1.1.1.202309131626/tools/bin/../lib/gcc/arm-none-eabi/11.3.1/../../../../arm-none-eabi/lib/thumb/v7e-m+fp/hard\libc_nano.a(libc_a-stdio.o) (_close_r)
C:/ST/STM32CubeIDE_1.13.1/STM32CubeIDE/plugins/com.st.stm32cube.ide.mcu.externaltools.gnu-tools-for-stm32.11.3.rel1.win32_1.1.1.202309131626/tools/bin/../lib/gcc/arm-none-eabi/11.3.1/../../../../arm-none-eabi/lib/thumb/v7e-m+fp/hard\libc_nano.a(libc_a-reent.o)
                              C:/ST/STM32CubeIDE_1.13.1/STM32CubeIDE/plugins/com.st.stm32cube.ide.mcu.externaltools.gnu-tools-for-stm32.11.3.rel1.win32_1.1.1.202309131626/tools/bin/../lib/gcc/arm-none-eabi/11.3.1/../../../../arm-none-eabi/lib/thumb/v7e-m+fp/hard\libc_nano.a(libc_a-closer.o) (errno)
C:/ST/STM32CubeIDE_1.13.1/STM32CubeIDE/plugins/com.st.stm32cube.ide.mcu.externaltools.gnu-tools-for-stm32.11.3.rel1.win32_1.1.1.202309131626/tools/bin/../lib/gcc/arm-none-eabi/11.3.1/../../../../arm-none-eabi/lib/thumb/v7e-m+fp/hard\libc_nano.a(libc_a-impure.o)
                              C:/ST/STM32CubeIDE_1.13.1/STM32CubeIDE/plugins/com.st.stm32cube.ide.mcu.externaltools.gnu-tools-for-stm32.11.3.rel1.win32_1.1.1.202309131626/tools/bin/../lib/gcc/arm-none-eabi/11.3.1/../../../../arm-none-eabi/lib/thumb/v7e-m+fp/hard\libc_nano.a(libc_a-reent.o) (_impure_ptr)
C:/ST/STM32CubeIDE_1.13.1/STM32CubeIDE/plugins/com.st.stm32cube.ide.mcu.externaltools.gnu-tools-for-stm32.11.3.rel1.win32_1.1.1.202309131626/tools/bin/../lib/gcc/arm-none-eabi/11.3.1/../../../../arm-none-eabi/lib/thumb/v7e-m+fp/hard\libc_nano.a(libc_a-lseekr.o)
[...]
Memory Configuration

Name             Origin             Length             Attributes
RAM              0x0000000020000000 0x0000000000010000 xrw
FLASH            0x0000000008000000 0x0000000000040000 xr
*default*        0x0000000000000000 0xffffffffffffffff

Linker script and memory map

LOAD C:/ST/STM32CubeIDE_1.13.1/STM32CubeIDE/plugins/com.st.stm32cube.ide.mcu.externaltools.gnu-tools-for-stm32.11.3.rel1.win32_1.1.1.202309131626/tools/bin/../lib/gcc/arm-none-eabi/11.3.1/thumb/v7e-m+fp/hard/crti.o
LOAD C:/ST/STM32CubeIDE_1.13.1/STM32CubeIDE/plugins/com.st.stm32cube.ide.mcu.externaltools.gnu-tools-for-stm32.11.3.rel1.win32_1.1.1.202309131626/tools/bin/../lib/gcc/arm-none-eabi/11.3.1/thumb/v7e-m+fp/hard/crtbegin.o
LOAD C:/ST/STM32CubeIDE_1.13.1/STM32CubeIDE/plugins/com.st.stm32cube.ide.mcu.externaltools.gnu-tools-for-stm32.11.3.rel1.win32_1.1.1.202309131626/tools/bin/../lib/gcc/arm-none-eabi/11.3.1/../../../../arm-none-eabi/lib/thumb/v7e-m+fp/hard/crt0.o
LOAD ./Core/Src/Lane.o
LOAD ./Core/Src/Motion.o
LOAD ./Core/Src/NRF24L01.o
LOAD ./Core/Src/Parking.o
LOAD ./Core/Src/Ultrasonic.o
LOAD ./Core/Src/main.o
LOAD ./Core/Src/stm32f4xx_hal_msp.o
LOAD ./Core/Src/stm32f4xx_it.o
LOAD ./Core/Src/syscalls.o
LOAD ./Core/Src/sysmem.o
LOAD ./Core/Src/system_stm32f4xx.o
LOAD ./Core/Startup/startup_stm32f401ccux.o
LOAD ./Drivers/STM32F4xx_HAL_Driver/Src/stm32f4xx_hal.o
LOAD ./Drivers/STM32F4xx_HAL_Driver/Src/stm32f4xx_hal_cortex.o
LOAD ./Drivers/STM32F4xx_HAL_Driver/Src/stm32f4xx_hal_dma.o
LOAD ./Drivers/STM32F4xx_HAL_Driver/Src/stm32f4xx_hal_dma_ex.o
LOAD ./Drivers/STM32F4xx_HAL_Driver/Src/stm32f4xx_hal_exti.o
LOAD ./Drivers/STM32F4xx_HAL_Driver/Src/stm32f4xx_hal_flash.o
LOAD ./Drivers/STM32F4xx_HAL_Driver/Src/stm32f4xx_hal_flash_ex.o
LOAD ./Drivers/STM32F4xx_HAL_Driver/Src/stm32f4xx_hal_flash_ramfunc.o
LOAD ./Drivers/STM32F4xx_HAL_Driver/Src/stm32f4xx_hal_gpio.o
LOAD ./Drivers/STM32F4xx_HAL_Driver/Src/stm32f4xx_hal_i2c.o
LOAD ./Drivers/STM32F4xx_HAL_Driver/Src/stm32f4xx_hal_i2c_ex.o
LOAD ./Drivers/STM32F4xx_HAL_Driver/Src/stm32f4xx_hal_pwr.o
LOAD ./Drivers/STM32F4xx_HAL_Driver/Src/stm32f4xx_hal_pwr_ex.o
LOAD ./Drivers/STM32F4xx_HAL_Driver/Src/stm32f4xx_hal_rcc.o
LOAD ./Drivers/STM32F4xx_HAL_Driver/Src/stm32f4xx_hal_rcc_ex.o
LOAD ./Drivers/STM32F4xx_HAL_Driver/Src/stm32f4xx_hal_spi.o
LOAD ./Drivers/STM32F4xx_HAL_Driver/Src/stm32f4xx_hal_tim.o
LOAD ./Drivers/STM32F4xx_HAL_Driver/Src/stm32f4xx_hal_tim_ex.o
LOAD ./Drivers/STM32F4xx_HAL_Driver/Src/stm32f4xx_hal_uart.o
START GROUP
LOAD C:/ST/STM32CubeIDE_1.13.1/STM32CubeIDE/plugins/com.st.stm32cube.ide.mcu.externaltools.gnu-tools-for-stm32.11.3.rel1.win32_1.1.1.202309131626/tools/bin/../lib/gcc/arm-none-eabi/11.3.1/../../../../arm-none-eabi/lib/thumb/v7e-m+fp/hard\libc_nano.a
LOAD C:/ST/STM32CubeIDE_1.13.1/STM32CubeIDE/plugins/com.st.stm32cube.ide.mcu.externaltools.gnu-tools-for-stm32.11.3.rel1.win32_1.1.1.202309131626/tools/bin/../lib/gcc/arm-none-eabi/11.3.1/../../../../arm-none-eabi/lib/thumb/v7e-m+fp/hard\libm.a
END GROUP
START GROUP
LOAD C:/ST/STM32CubeIDE_1.13.1/STM32CubeIDE/plugins/com.st.stm32cube.ide.mcu.externaltools.gnu-tools-for-stm32.11.3.rel1.win32_1.1.1.202309131626/tools/bin/../lib/gcc/arm-none-eabi/11.3.1/thumb/v7e-m+fp/hard\libgcc.a
LOAD C:/ST/STM32CubeIDE_1.13.1/STM32CubeIDE/plugins/com.st.stm32cube.ide.mcu.externaltools.gnu-tools-for-stm32.11.3.rel1.win32_1.1.1.202309131626/tools/bin/../lib/gcc/arm-none-eabi/11.3.1/../../../../arm-none-eabi/lib/thumb/v7e-m+fp/hard\libc_nano.a
END GROUP
START GROUP
LOAD C:/ST/STM32CubeIDE_1.13.1/STM32CubeIDE/plugins/com.st.stm32cube.ide.mcu.externaltools.gnu-tools-for-stm32.11.3.rel1.win32_1.1.1.202309131626/tools/bin/../lib/gcc/arm-none-eabi/11.3.1/thumb/v7e-m+fp/hard\libgcc.a
LOAD C:/ST/STM32CubeIDE_1.13.1/STM32CubeIDE/plugins/com.st.stm32cube.ide.mcu.externaltools.gnu-tools-for-stm32.11.3.rel1.win32_1.1.1.202309131626/tools/bin/../lib/gcc/arm-none-eabi/11.3.1/../../../../arm-none-eabi/lib/thumb/v7e-m+fp/hard\libc_nano.a
LOAD C:/ST/STM32CubeIDE_1.13.1/STM32CubeIDE/plugins/com.st.stm32cube.ide.mcu.externaltools.gnu-tools-for-stm32.11.3.rel1.win32_1.1.1.202309131626/tools/bin/../lib/gcc/arm-none-eabi/11.3.1/../../../../arm-none-eabi/lib/thumb/v7e-m+fp/hard\libnosys.a
END GROUP
START GROUP
LOAD C:/ST/STM32CubeIDE_1.13.1/STM32CubeIDE/plugins/com.st.stm32cube.ide.mcu.externaltools.gnu-tools-for-stm32.11.3.rel1.win32_1.1.1.202309131626/tools/bin/../lib/gcc/arm-none-eabi/11.3.1/thumb/v7e-m+fp/hard\libgcc.a
LOAD C:/ST/STM32CubeIDE_1.13.1/STM32CubeIDE/plugins/com.st.stm32cube.ide.mcu.externaltools.gnu-tools-for-stm32.11.3.rel1.win32_1.1.1.202309131626/tools/bin/../lib/gcc/arm-none-eabi/11.3.1/../../../../arm-none-eabi/lib/thumb/v7e-m+fp/hard\libc_nano.a
LOAD C:/ST/STM32CubeIDE_1.13.1/STM32CubeIDE/plugins/com.st.stm32cube.ide.mcu.externaltools.gnu-tools-for-stm32.11.3.rel1.win32_1.1.1.202309131626/tools/bin/../lib/gcc/arm-none-eabi/11.3.1/../../../../arm-none-eabi/lib/thumb/v7e-m+fp/hard\libnosys.a
END GROUP
LOAD C:/ST/STM32CubeIDE_1.13.1/STM32CubeIDE/plugins/com.st.stm32cube.ide.mcu.externaltools.gnu-tools-for-stm32.11.3.rel1.win32_1.1.1.202309131626/tools/bin/../lib/gcc/arm-none-eabi/11.3.1/thumb/v7e-m+fp/hard/crtend.o
LOAD C:/ST/STM32CubeIDE_1.13.1/STM32CubeIDE/plugins/com.st.stm32cube.ide.mcu.externaltools.gnu-tools-for-stm32.11.3.rel1.win32_1.1.1.202309131626/tools/bin/../lib/gcc/arm-none-eabi/11.3.1/thumb/v7e-m+fp/hard/crtn.o
                0x0000000020010000                _estack = (ORIGIN (RAM) + LENGTH (RAM))
                0x0000000000000200                _Min_Heap_Size = 0x200
                0x0000000000000400                _Min_Stack_Size = 0x400

.isr_vector     0x0000000008000000      0x194
                0x0000000008000000                . = ALIGN (0x4)
 *(.isr_vector)
 .isr_vector    0x0000000008000000      0x194 ./Core/Startup/startup_stm32f401ccux.o
                0x0000000008000000                g_pfnVectors
                0x0000000008000194                . = ALIGN (0x4)

.text           0x0000000008000198     0x5870
                0x0000000008000198                . = ALIGN (0x4)
 *(.text)
 .text          0x0000000008000198       0x40 C:/ST/STM32CubeIDE_1.13.1/STM32CubeIDE/plugins/com.st.stm32cube.ide.mcu.externaltools.gnu-tools-for-stm32.11.3.rel1.win32_1.1.1.202309131626/tools/bin/../lib/gcc/arm-none-eabi/11.3.1/thumb/v7e-m+fp/hard/crtbegin.o
 .text          0x00000000080001d8       0x10 C:/ST/STM32CubeIDE_1.13.1/STM32CubeIDE/plugins/com.st.stm32cube.ide.mcu.externaltools.gnu-tools-for-stm32.11.3.rel1.win32_1.1.1.202309131626/tools/bin/../lib/gcc/arm-none-eabi/11.3.1/../../../../arm-none-eabi/lib/thumb/v7e-m+fp/hard\libc_nano.a(libc_a-strlen.o)
                0x00000000080001d8                strlen
 .text          0x00000000080001e8      0x378 C:/ST/STM32CubeIDE_1.13.1/STM32CubeIDE/plugins/com.st.stm32cube.ide.mcu.externaltools.gnu-tools-for-stm32.11.3.rel1.win32_1.1.1.202309131626/tools/bin/../lib/gcc/arm-none-eabi/11.3.1/thumb/v7e-m+fp/hard\libgcc.a(_arm_addsubdf3.o)
                0x00000000080001e8                __aeabi_drsub
                0x00000000080001f0                __aeabi_dsub
                0x00000000080001f0                __subdf3
                0x00000000080001f4                __aeabi_dadd
                0x00000000080001f4                __adddf3
                0x000000000800046c                __floatunsidf
                0x000000000800046c                __aeabi_ui2d
                0x000000000800048c                __floatsidf
                0x000000000800048c                __aeabi_i2d
                0x00000000080004b0                __aeabi_f2d
                0x00000000080004b0                __extendsfdf2
                0x00000000080004f4                __floatundidf
                0x00000000080004f4                __aeabi_ul2d
                0x0000000008000504                __floatdidf
                0x0000000008000504                __aeabi_l2d
 .text          0x0000000008000560      0x424 C:/ST/STM32CubeIDE_1.13.1/STM32CubeIDE/plugins/com.st.stm32cube.ide.mcu.externaltools.gnu-tools-for-stm32.11.3.rel1.win32_1.1.1.202309131626/tools/bin/../lib/gcc/arm-none-eabi/11.3.1/thumb/v7e-m+fp/hard\libgcc.a(_arm_muldivdf3.o)
                0x0000000008000560                __aeabi_dmul
                0x0000000008000560                __muldf3
                0x00000000080007b4                __divdf3
                0x00000000080007b4                __aeabi_ddiv
 .text          0x0000000008000984       0x40 C:/ST/STM32CubeIDE_1.13.1/STM32CubeIDE/plugins/com.st.stm32cube.ide.mcu.externaltools.gnu-tools-for-stm32.11.3.rel1.win32_1.1.1.202309131626/tools/bin/../lib/gcc/arm-none-eabi/11.3.1/thumb/v7e-m+fp/hard\libgcc.a(_arm_fixunsdfsi.o)
                0x0000000008000984                __aeabi_d2uiz
                0x0000000008000984                __fixunsdfsi
 .text          0x00000000080009c4       0x30 C:/ST/STM32CubeIDE_1.13.1/STM32CubeIDE/plugins/com.st.stm32cube.ide.mcu.externaltools.gnu-tools-for-stm32.11.3.rel1.win32_1.1.1.202309131626/tools/bin/../lib/gcc/arm-none-eabi/11.3.1/thumb/v7e-m+fp/hard\libgcc.a(_aeabi_uldivmod.o)
                0x00000000080009c4                __aeabi_uldivmod
 .text          0x00000000080009f4      0x2c8 C:/ST/STM32CubeIDE_1.13.1/STM32CubeIDE/plugins/com.st.stm32cube.ide.mcu.externaltools.gnu-tools-for-stm32.11.3.rel1.win32_1.1.1.202309131626/tools/bin/../lib/gcc/arm-none-eabi/11.3.1/thumb/v7e-m+fp/hard\libgcc.a(_udivmoddi4.o)
                0x00000000080009f4                __udivmoddi4
 .text          0x0000000008000cbc        0x4 C:/ST/STM32CubeIDE_1.13.1/STM32CubeIDE/plugins/com.st.stm32cube.ide.mcu.externaltools.gnu-tools-for-stm32.11.3.rel1.win32_1.1.1.202309131626/tools/bin/../lib/gcc/arm-none-eabi/11.3.1/thumb/v7e-m+fp/hard\libgcc.a(_dvmd_tls.o)
                0x0000000008000cbc                __aeabi_idiv0
                0x0000000008000cbc                __aeabi_ldiv0
 *(.text*)
 .text.Lane_Detection
                0x0000000008000cc0       0x74 ./Core/Src/Lane.o
                0x0000000008000cc0                Lane_Detection
 .text.Forward_Moving
                0x0000000008000d34       0x44 ./Core/Src/Motion.o
                0x0000000008000d34                Forward_Moving
 .text.Left_Moving
                0x0000000008000d78       0x44 ./Core/Src/Motion.o
                0x0000000008000d78                Left_Moving
 .text.Right_Moving
                0x0000000008000dbc       0x44 ./Core/Src/Motion.o
                0x0000000008000dbc                Right_Moving
 .text.Backword_Moving
                0x0000000008000e00       0x44 ./Core/Src/Motion.o
                0x0000000008000e00                Backword_Moving
 .text.Stop_Moving
                0x0000000008000e44       0x44 ./Core/Src/Motion.o
                0x0000000008000e44                Stop_Moving
 .text.HALF_SPEED
                0x0000000008000e88       0x24 ./Core/Src/Motion.o
                0x0000000008000e88                HALF_SPEED
 .text.QUARTER_SPEED
                0x0000000008000eac       0x24 ./Core/Src/Motion.o
                0x0000000008000eac                QUARTER_SPEED
 .text.NO_SPEED
                0x0000000008000ed0       0x20 ./Core/Src/Motion.o
                0x0000000008000ed0                NO_SPEED
 .text.CS_Select
                0x0000000008000ef0       0x18 ./Core/Src/NRF24L01.o
                0x0000000008000ef0                CS_Select
 .text.CS_UnSelect
                0x0000000008000f08       0x18 ./Core/Src/NRF24L01.o
                0x0000000008000f08                CS_UnSelect
 .text.CE_Enable
                0x0000000008000f20       0x18 ./Core/Src/NRF24L01.o
                0x0000000008000f20                CE_Enable
 .text.CE_Disable
                0x0000000008000f38       0x18 ./Core/Src/NRF24L01.o
                0x0000000008000f38                CE_Disable
 .text.nrf24_WriteReg
                0x0000000008000f50       0x44 ./Core/Src/NRF24L01.o
                0x0000000008000f50                nrf24_WriteReg
 .text.nrf24_WriteRegMulti
                0x0000000008000f94       0x4c ./Core/Src/NRF24L01.o
                0x0000000008000f94                nrf24_WriteRegMulti
 .text.nrf24_ReadReg
                0x0000000008000fe0       0x40 ./Core/Src/NRF24L01.o
                0x0000000008000fe0                nrf24_ReadReg
 .text.nrfsendCmd
                0x0000000008001020       0x2c ./Core/Src/NRF24L01.o
                0x0000000008001020                nrfsendCmd
 .text.nrf24_reset
                0x000000000800104c      0x14c ./Core/Src/NRF24L01.o
                0x000000000800104c                nrf24_reset
 .text.NRF24_Init
                0x0000000008001198       0x4e ./Core/Src/NRF24L01.o
                0x0000000008001198                NRF24_Init
 .text.NRF24_TxMode
                0x00000000080011e6       0x4c ./Core/Src/NRF24L01.o
                0x00000000080011e6                NRF24_TxMode
 *fill*         0x0000000008001232        0x2 
 .text.NRF24_Transmit
                0x0000000008001234       0x7c ./Core/Src/NRF24L01.o
                0x0000000008001234                NRF24_Transmit
 .text.Parking_Right
                0x00000000080012b0       0xd0 ./Core/Src/Parking.o
                0x00000000080012b0                Parking_Right
 .text.Parking_Left
                0x0000000008001380       0xd0 ./Core/Src/Parking.o
                0x0000000008001380                Parking_Left
 .text.Blocked_Area
                0x0000000008001450       0x68 ./Core/Src/Parking.o
                0x0000000008001450                Blocked_Area
 .text.Right_BLIND_MODE
                0x00000000080014b8       0x50 ./Core/Src/Parking.o
                0x00000000080014b8                Right_BLIND_MODE
 .text.Left_BLIND_MODE
                0x0000000008001508       0x50 ./Core/Src/Parking.o
                0x0000000008001508                Left_BLIND_MODE
 .text.Right_Parking
                0x0000000008001558       0xa8 ./Core/Src/Parking.o
                0x0000000008001558                Right_Parking
 .text.Left_Parking
                0x0000000008001600       0xa8 ./Core/Src/Parking.o
                0x0000000008001600                Left_Parking
 .text.delay    0x00000000080016a8       0x34 ./Core/Src/Ultrasonic.o
                0x00000000080016a8                delay
 *fill*         0x00000000080016dc        0x4 
 .text.Front_Sensor_Read
                0x00000000080016e0       0xe0 ./Core/Src/Ultrasonic.o
                0x00000000080016e0                Front_Sensor_Read
 .text.Back_Sensor_Read
                0x00000000080017c0       0xe0 ./Core/Src/Ultrasonic.o
                0x00000000080017c0                Back_Sensor_Read
 .text.Right_Sensor_Read
                0x00000000080018a0       0xe0 ./Core/Src/Ultrasonic.o
                0x00000000080018a0                Right_Sensor_Read
 .text.Left_Sensor_Read
                0x0000000008001980       0xe0 ./Core/Src/Ultrasonic.o
                0x0000000008001980                Left_Sensor_Read
 .text.Right_Blind_Sensor_Read
                0x0000000008001a60       0xe0 ./Core/Src/Ultrasonic.o
                0x0000000008001a60                Right_Blind_Sensor_Read
 .text.Left_Blind_Sensor_Read
                0x0000000008001b40       0xe0 ./Core/Src/Ultrasonic.o
                0x0000000008001b40                Left_Blind_Sensor_Read
 .text.Set_Ultrasonic_View
                0x0000000008001c20      0x10c ./Core/Src/Ultrasonic.o
                0x0000000008001c20                Set_Ultrasonic_View
 .text.main     0x0000000008001d2c      0x194 ./Core/Src/main.o
                0x0000000008001d2c                main
 .text.SystemClock_Config
                0x0000000008001ec0       0xd4 ./Core/Src/main.o
                0x0000000008001ec0                SystemClock_Config
 .text.MX_I2C1_Init
                0x0000000008001f94       0x5c ./Core/Src/main.o
 .text.MX_SPI2_Init
                0x0000000008001ff0       0x6c ./Core/Src/main.o
 .text.MX_TIM1_Init
                0x000000000800205c      0x158 ./Core/Src/main.o
 .text.MX_TIM3_Init
                0x00000000080021b4       0x9c ./Core/Src/main.o
 .text.MX_USART6_UART_Init
                0x0000000008002250       0x54 ./Core/Src/main.o
 .text.MX_GPIO_Init
                0x00000000080022a4      0x134 ./Core/Src/main.o
 .text.Error_Handler
                0x00000000080023d8        0xa ./Core/Src/main.o
                0x00000000080023d8                Error_Handler
 *fill*         0x00000000080023e2        0x2 
 .text.HAL_MspInit
                0x00000000080023e4       0x50 ./Core/Src/stm32f4xx_hal_msp.o
                0x00000000080023e4                HAL_MspInit
 .text.HAL_I2C_MspInit
                0x0000000008002434       0x90 ./Core/Src/stm32f4xx_hal_msp.o
                0x0000000008002434                HAL_I2C_MspInit
 .text.HAL_SPI_MspInit
                0x00000000080024c4       0x90 ./Core/Src/stm32f4xx_hal_msp.o
                0x00000000080024c4                HAL_SPI_MspInit
 .text.HAL_TIM_Base_MspInit
                0x0000000008002554       0x70 ./Core/Src/stm32f4xx_hal_msp.o
                0x0000000008002554                HAL_TIM_Base_MspInit
 .text.HAL_TIM_MspPostInit
                0x00000000080025c4       0x74 ./Core/Src/stm32f4xx_hal_msp.o
                0x00000000080025c4                HAL_TIM_MspPostInit
 .text.HAL_UART_MspInit
                0x0000000008002638       0x90 ./Core/Src/stm32f4xx_hal_msp.o
                0x0000000008002638                HAL_UART_MspInit
 .text.NMI_Handler
                0x00000000080026c8        0x6 ./Core/Src/stm32f4xx_it.o
                0x00000000080026c8                NMI_Handler
 .text.HardFault_Handler
                0x00000000080026ce        0x6 ./Core/Src/stm32f4xx_it.o
                0x00000000080026ce                HardFault_Handler
 .text.MemManage_Handler
                0x00000000080026d4        0x6 ./Core/Src/stm32f4xx_it.o
                0x00000000080026d4                MemManage_Handler
 .text.BusFault_Handler
                0x00000000080026da        0x6 ./Core/Src/stm32f4xx_it.o
                0x00000000080026da                BusFault_Handler
 .text.UsageFault_Handler
                0x00000000080026e0        0x6 ./Core/Src/stm32f4xx_it.o
                0x00000000080026e0                UsageFault_Handler
 .text.SVC_Handler
                0x00000000080026e6        0xe ./Core/Src/stm32f4xx_it.o
                0x00000000080026e6                SVC_Handler
 .text.DebugMon_Handler
                0x00000000080026f4        0xe ./Core/Src/stm32f4xx_it.o
                0x00000000080026f4                DebugMon_Handler
 .text.PendSV_Handler
                0x0000000008002702        0xe ./Core/Src/stm32f4xx_it.o
                0x0000000008002702                PendSV_Handler
 .text.SysTick_Handler
                0x0000000008002710        0xc ./Core/Src/stm32f4xx_it.o
                0x0000000008002710                SysTick_Handler
 .text.SystemInit
                0x000000000800271c       0x24 ./Core/Src/system_stm32f4xx.o
                0x000000000800271c                SystemInit
 .text.Reset_Handler
                0x0000000008002740       0x50 ./Core/Startup/startup_stm32f401ccux.o
                0x0000000008002740                Reset_Handler
 .text.Default_Handler
                0x0000000008002790        0x2 ./Core/Startup/startup_stm32f401ccux.o
                0x0000000008002790                RTC_Alarm_IRQHandler
                0x0000000008002790                EXTI2_IRQHandler
                0x0000000008002790                SPI4_IRQHandler
                0x0000000008002790                TIM1_CC_IRQHandler
                0x0000000008002790                DMA2_Stream5_IRQHandler
                0x0000000008002790                DMA1_Stream5_IRQHandler
                0x0000000008002790                PVD_IRQHandler
                0x0000000008002790                SDIO_IRQHandler
                0x0000000008002790                TAMP_STAMP_IRQHandler
                0x0000000008002790                EXTI3_IRQHandler
                0x0000000008002790                TIM1_UP_TIM10_IRQHandler
                0x0000000008002790                I2C3_ER_IRQHandler
                0x0000000008002790                EXTI0_IRQHandler
                0x0000000008002790                I2C2_EV_IRQHandler
                0x0000000008002790                DMA1_Stream2_IRQHandler
                0x0000000008002790                FPU_IRQHandler
                0x0000000008002790                DMA2_Stream2_IRQHandler
                0x0000000008002790                SPI1_IRQHandler
                0x0000000008002790                TIM1_BRK_TIM9_IRQHandler
                0x0000000008002790                DMA2_Stream3_IRQHandler
                0x0000000008002790                USART6_IRQHandler
                0x0000000008002790                DMA2_Stream0_IRQHandler
                0x0000000008002790                TIM4_IRQHandler
                0x0000000008002790                I2C1_EV_IRQHandler
                0x0000000008002790                DMA1_Stream6_IRQHandler
                0x0000000008002790                DMA1_Stream1_IRQHandler
                0x0000000008002790                TIM3_IRQHandler
                0x0000000008002790                RCC_IRQHandler
                0x0000000008002790                Default_Handler
                0x0000000008002790                EXTI15_10_IRQHandler
                0x0000000008002790                ADC_IRQHandler
                0x0000000008002790                DMA1_Stream7_IRQHandler
                0x0000000008002790                TIM5_IRQHandler
                0x0000000008002790                DMA2_Stream7_IRQHandler
                0x0000000008002790                I2C3_EV_IRQHandler
                0x0000000008002790                EXTI9_5_IRQHandler
                0x0000000008002790                RTC_WKUP_IRQHandler
                0x0000000008002790                SPI2_IRQHandler
                0x0000000008002790                DMA1_Stream0_IRQHandler
                0x0000000008002790                EXTI4_IRQHandler
                0x0000000008002790                WWDG_IRQHandler
                0x0000000008002790                TIM2_IRQHandler
                0x0000000008002790                OTG_FS_WKUP_IRQHandler
                0x0000000008002790                TIM1_TRG_COM_TIM11_IRQHandler
                0x0000000008002790                EXTI1_IRQHandler
                0x0000000008002790                USART2_IRQHandler
                0x0000000008002790                I2C2_ER_IRQHandler
                0x0000000008002790                DMA2_Stream1_IRQHandler
                0x0000000008002790                FLASH_IRQHandler
                0x0000000008002790                DMA2_Stream4_IRQHandler
                0x0000000008002790                USART1_IRQHandler
                0x0000000008002790                OTG_FS_IRQHandler
                0x0000000008002790                SPI3_IRQHandler
                0x0000000008002790                DMA1_Stream4_IRQHandler
                0x0000000008002790                I2C1_ER_IRQHandler
                0x0000000008002790                DMA2_Stream6_IRQHandler
                0x0000000008002790                DMA1_Stream3_IRQHandler
 *fill*         0x0000000008002792        0x2 
 .text.HAL_Init
                0x0000000008002794       0x44 ./Drivers/STM32F4xx_HAL_Driver/Src/stm32f4xx_hal.o
                0x0000000008002794                HAL_Init
 .text.HAL_InitTick
                0x00000000080027d8       0x60 ./Drivers/STM32F4xx_HAL_Driver/Src/stm32f4xx_hal.o
                0x00000000080027d8                HAL_InitTick
 .text.HAL_IncTick
                0x0000000008002838       0x28 ./Drivers/STM32F4xx_HAL_Driver/Src/stm32f4xx_hal.o
                0x0000000008002838                HAL_IncTick
 .text.HAL_GetTick
                0x0000000008002860       0x18 ./Drivers/STM32F4xx_HAL_Driver/Src/stm32f4xx_hal.o
                0x0000000008002860                HAL_GetTick
 .text.HAL_Delay
                0x0000000008002878       0x48 ./Drivers/STM32F4xx_HAL_Driver/Src/stm32f4xx_hal.o
                0x0000000008002878                HAL_Delay
 .text.__NVIC_SetPriorityGrouping
                0x00000000080028c0       0x48 ./Drivers/STM32F4xx_HAL_Driver/Src/stm32f4xx_hal_cortex.o
 .text.__NVIC_GetPriorityGrouping
                0x0000000008002908       0x1c ./Drivers/STM32F4xx_HAL_Driver/Src/stm32f4xx_hal_cortex.o
 .text.__NVIC_SetPriority
                0x0000000008002924       0x54 ./Drivers/STM32F4xx_HAL_Driver/Src/stm32f4xx_hal_cortex.o
 .text.NVIC_EncodePriority
                0x0000000008002978       0x66 ./Drivers/STM32F4xx_HAL_Driver/Src/stm32f4xx_hal_cortex.o
 *fill*         0x00000000080029de        0x2 
 .text.SysTick_Config
                0x00000000080029e0       0x44 ./Drivers/STM32F4xx_HAL_Driver/Src/stm32f4xx_hal_cortex.o
 .text.HAL_NVIC_SetPriorityGrouping
                0x0000000008002a24       0x16 ./Drivers/STM32F4xx_HAL_Driver/Src/stm32f4xx_hal_cortex.o
                0x0000000008002a24                HAL_NVIC_SetPriorityGrouping
 .text.HAL_NVIC_SetPriority
                0x0000000008002a3a       0x38 ./Drivers/STM32F4xx_HAL_Driver/Src/stm32f4xx_hal_cortex.o
                0x0000000008002a3a                HAL_NVIC_SetPriority
 .text.HAL_SYSTICK_Config
                0x0000000008002a72       0x18 ./Drivers/STM32F4xx_HAL_Driver/Src/stm32f4xx_hal_cortex.o
                0x0000000008002a72                HAL_SYSTICK_Config
 *fill*         0x0000000008002a8a        0x2 
 .text.HAL_GPIO_Init
                0x0000000008002a8c      0x308 ./Drivers/STM32F4xx_HAL_Driver/Src/stm32f4xx_hal_gpio.o
                0x0000000008002a8c                HAL_GPIO_Init
 .text.HAL_GPIO_ReadPin
                0x0000000008002d94       0x30 ./Drivers/STM32F4xx_HAL_Driver/Src/stm32f4xx_hal_gpio.o
                0x0000000008002d94                HAL_GPIO_ReadPin
 .text.HAL_GPIO_WritePin
                0x0000000008002dc4       0x32 ./Drivers/STM32F4xx_HAL_Driver/Src/stm32f4xx_hal_gpio.o
                0x0000000008002dc4                HAL_GPIO_WritePin
 *fill*         0x0000000008002df6        0x2 
 .text.HAL_I2C_Init
                0x0000000008002df8      0x288 ./Drivers/STM32F4xx_HAL_Driver/Src/stm32f4xx_hal_i2c.o
                0x0000000008002df8                HAL_I2C_Init
 .text.HAL_RCC_OscConfig
                0x0000000008003080      0x4f0 ./Drivers/STM32F4xx_HAL_Driver/Src/stm32f4xx_hal_rcc.o
                0x0000000008003080                HAL_RCC_OscConfig
 .text.HAL_RCC_ClockConfig
                0x0000000008003570      0x1cc ./Drivers/STM32F4xx_HAL_Driver/Src/stm32f4xx_hal_rcc.o
                0x0000000008003570                HAL_RCC_ClockConfig
 .text.HAL_RCC_GetSysClockFreq
                0x000000000800373c      0x18c ./Drivers/STM32F4xx_HAL_Driver/Src/stm32f4xx_hal_rcc.o
                0x000000000800373c                HAL_RCC_GetSysClockFreq
 .text.HAL_RCC_GetHCLKFreq
                0x00000000080038c8       0x18 ./Drivers/STM32F4xx_HAL_Driver/Src/stm32f4xx_hal_rcc.o
                0x00000000080038c8                HAL_RCC_GetHCLKFreq
 .text.HAL_RCC_GetPCLK1Freq
                0x00000000080038e0       0x28 ./Drivers/STM32F4xx_HAL_Driver/Src/stm32f4xx_hal_rcc.o
                0x00000000080038e0                HAL_RCC_GetPCLK1Freq
 .text.HAL_RCC_GetPCLK2Freq
                0x0000000008003908       0x28 ./Drivers/STM32F4xx_HAL_Driver/Src/stm32f4xx_hal_rcc.o
                0x0000000008003908                HAL_RCC_GetPCLK2Freq
 .text.HAL_SPI_Init
                0x0000000008003930      0x112 ./Drivers/STM32F4xx_HAL_Driver/Src/stm32f4xx_hal_spi.o
                0x0000000008003930                HAL_SPI_Init
 .text.HAL_SPI_Transmit
                0x0000000008003a42      0x278 ./Drivers/STM32F4xx_HAL_Driver/Src/stm32f4xx_hal_spi.o
                0x0000000008003a42                HAL_SPI_Transmit
 .text.HAL_SPI_Receive
                0x0000000008003cba      0x222 ./Drivers/STM32F4xx_HAL_Driver/Src/stm32f4xx_hal_spi.o
                0x0000000008003cba                HAL_SPI_Receive
 .text.HAL_SPI_TransmitReceive
                0x0000000008003edc      0x344 ./Drivers/STM32F4xx_HAL_Driver/Src/stm32f4xx_hal_spi.o
                0x0000000008003edc                HAL_SPI_TransmitReceive
 .text.SPI_WaitFlagStateUntilTimeout
                0x0000000008004220      0x110 ./Drivers/STM32F4xx_HAL_Driver/Src/stm32f4xx_hal_spi.o
 .text.SPI_EndRxTransaction
                0x0000000008004330       0xca ./Drivers/STM32F4xx_HAL_Driver/Src/stm32f4xx_hal_spi.o
 *fill*         0x00000000080043fa        0x2 
 .text.SPI_EndRxTxTransaction
                0x00000000080043fc       0x84 ./Drivers/STM32F4xx_HAL_Driver/Src/stm32f4xx_hal_spi.o
 .text.HAL_TIM_Base_Init
                0x0000000008004480       0x9e ./Drivers/STM32F4xx_HAL_Driver/Src/stm32f4xx_hal_tim.o
                0x0000000008004480                HAL_TIM_Base_Init
 *fill*         0x000000000800451e        0x2 
 .text.HAL_TIM_Base_Start
                0x0000000008004520       0xb4 ./Drivers/STM32F4xx_HAL_Driver/Src/stm32f4xx_hal_tim.o
                0x0000000008004520                HAL_TIM_Base_Start
 .text.HAL_TIM_PWM_Init
                0x00000000080045d4       0x9e ./Drivers/STM32F4xx_HAL_Driver/Src/stm32f4xx_hal_tim.o
                0x00000000080045d4                HAL_TIM_PWM_Init
 .text.HAL_TIM_PWM_MspInit
                0x0000000008004672       0x14 ./Drivers/STM32F4xx_HAL_Driver/Src/stm32f4xx_hal_tim.o
                0x0000000008004672                HAL_TIM_PWM_MspInit
 *fill*         0x0000000008004686        0x2 
 .text.HAL_TIM_PWM_Start
                0x0000000008004688      0x160 ./Drivers/STM32F4xx_HAL_Driver/Src/stm32f4xx_hal_tim.o
                0x0000000008004688                HAL_TIM_PWM_Start
 .text.HAL_TIM_PWM_ConfigChannel
                0x00000000080047e8      0x184 ./Drivers/STM32F4xx_HAL_Driver/Src/stm32f4xx_hal_tim.o
                0x00000000080047e8                HAL_TIM_PWM_ConfigChannel
 .text.HAL_TIM_ConfigClockSource
                0x000000000800496c      0x18e ./Drivers/STM32F4xx_HAL_Driver/Src/stm32f4xx_hal_tim.o
                0x000000000800496c                HAL_TIM_ConfigClockSource
 *fill*         0x0000000008004afa        0x2 
 .text.TIM_Base_SetConfig
                0x0000000008004afc      0x100 ./Drivers/STM32F4xx_HAL_Driver/Src/stm32f4xx_hal_tim.o
                0x0000000008004afc                TIM_Base_SetConfig
 .text.TIM_OC1_SetConfig
                0x0000000008004bfc       0xcc ./Drivers/STM32F4xx_HAL_Driver/Src/stm32f4xx_hal_tim.o
 .text.TIM_OC2_SetConfig
                0x0000000008004cc8       0xd8 ./Drivers/STM32F4xx_HAL_Driver/Src/stm32f4xx_hal_tim.o
                0x0000000008004cc8                TIM_OC2_SetConfig
 .text.TIM_OC3_SetConfig
                0x0000000008004da0       0xd4 ./Drivers/STM32F4xx_HAL_Driver/Src/stm32f4xx_hal_tim.o
 .text.TIM_OC4_SetConfig
                0x0000000008004e74       0xa0 ./Drivers/STM32F4xx_HAL_Driver/Src/stm32f4xx_hal_tim.o
 .text.TIM_TI1_ConfigInputStage
                0x0000000008004f14       0x5e ./Drivers/STM32F4xx_HAL_Driver/Src/stm32f4xx_hal_tim.o
 .text.TIM_TI2_ConfigInputStage
                0x0000000008004f72       0x60 ./Drivers/STM32F4xx_HAL_Driver/Src/stm32f4xx_hal_tim.o
 .text.TIM_ITRx_SetConfig
                0x0000000008004fd2       0x36 ./Drivers/STM32F4xx_HAL_Driver/Src/stm32f4xx_hal_tim.o
 .text.TIM_ETR_SetConfig
                0x0000000008005008       0x40 ./Drivers/STM32F4xx_HAL_Driver/Src/stm32f4xx_hal_tim.o
                0x0000000008005008                TIM_ETR_SetConfig
 .text.TIM_CCxChannelCmd
                0x0000000008005048       0x4a ./Drivers/STM32F4xx_HAL_Driver/Src/stm32f4xx_hal_tim.o
                0x0000000008005048                TIM_CCxChannelCmd
 *fill*         0x0000000008005092        0x2 
 .text.HAL_TIMEx_MasterConfigSynchronization
                0x0000000008005094       0xdc ./Drivers/STM32F4xx_HAL_Driver/Src/stm32f4xx_hal_tim_ex.o
                0x0000000008005094                HAL_TIMEx_MasterConfigSynchronization
 .text.HAL_TIMEx_ConfigBreakDeadTime
                0x0000000008005170       0xa4 ./Drivers/STM32F4xx_HAL_Driver/Src/stm32f4xx_hal_tim_ex.o
                0x0000000008005170                HAL_TIMEx_ConfigBreakDeadTime
 .text.HAL_UART_Init
                0x0000000008005214       0x9a ./Drivers/STM32F4xx_HAL_Driver/Src/stm32f4xx_hal_uart.o
                0x0000000008005214                HAL_UART_Init
 .text.HAL_UART_Transmit
                0x00000000080052ae      0x124 ./Drivers/STM32F4xx_HAL_Driver/Src/stm32f4xx_hal_uart.o
                0x00000000080052ae                HAL_UART_Transmit
 .text.UART_WaitOnFlagUntilTimeout
                0x00000000080053d2       0xdc ./Drivers/STM32F4xx_HAL_Driver/Src/stm32f4xx_hal_uart.o
 *fill*         0x00000000080054ae        0x2 
 .text.UART_SetConfig
                0x00000000080054b0      0x4e8 ./Drivers/STM32F4xx_HAL_Driver/Src/stm32f4xx_hal_uart.o
 .text.memset   0x0000000008005998       0x10 C:/ST/STM32CubeIDE_1.13.1/STM32CubeIDE/plugins/com.st.stm32cube.ide.mcu.externaltools.gnu-tools-for-stm32.11.3.rel1.win32_1.1.1.202309131626/tools/bin/../lib/gcc/arm-none-eabi/11.3.1/../../../../arm-none-eabi/lib/thumb/v7e-m+fp/hard\libc_nano.a(libc_a-memset.o)
                0x0000000008005998                memset
 .text.__libc_init_array
                0x00000000080059a8       0x48 C:/ST/STM32CubeIDE_1.13.1/STM32CubeIDE/plugins/com.st.stm32cube.ide.mcu.externaltools.gnu-tools-for-stm32.11.3.rel1.win32_1.1.1.202309131626/tools/bin/../lib/gcc/arm-none-eabi/11.3.1/../../../../arm-none-eabi/lib/thumb/v7e-m+fp/hard\libc_nano.a(libc_a-init.o)
                0x00000000080059a8                __libc_init_array
 *(.glue_7)
 .glue_7        0x00000000080059f0        0x0 linker stubs
 *(.glue_7t)
 .glue_7t       0x00000000080059f0        0x0 linker stubs
 *(.eh_frame)
 .eh_frame      0x00000000080059f0        0x0 C:/ST/STM32CubeIDE_1.13.1/STM32CubeIDE/plugins/com.st.stm32cube.ide.mcu.externaltools.gnu-tools-for-stm32.11.3.rel1.win32_1.1.1.202309131626/tools/bin/../lib/gcc/arm-none-eabi/11.3.1/thumb/v7e-m+fp/hard/crtbegin.o
 *(.init)
 .init          0x00000000080059f0        0x4 C:/ST/STM32CubeIDE_1.13.1/STM32CubeIDE/plugins/com.st.stm32cube.ide.mcu.externaltools.gnu-tools-for-stm32.11.3.rel1.win32_1.1.1.202309131626/tools/bin/../lib/gcc/arm-none-eabi/11.3.1/thumb/v7e-m+fp/hard/crti.o
                0x00000000080059f0                _init
 .init          0x00000000080059f4        0x8 C:/ST/STM32CubeIDE_1.13.1/STM32CubeIDE/plugins/com.st.stm32cube.ide.mcu.externaltools.gnu-tools-for-stm32.11.3.rel1.win32_1.1.1.202309131626/tools/bin/../lib/gcc/arm-none-eabi/11.3.1/thumb/v7e-m+fp/hard/crtn.o
 *(.fini)
 .fini          0x00000000080059fc        0x4 C:/ST/STM32CubeIDE_1.13.1/STM32CubeIDE/plugins/com.st.stm32cube.ide.mcu.externaltools.gnu-tools-for-stm32.11.3.rel1.win32_1.1.1.202309131626/tools/bin/../lib/gcc/arm-none-eabi/11.3.1/thumb/v7e-m+fp/hard/crti.o
                0x00000000080059fc                _fini
 .fini          0x0000000008005a00        0x8 C:/ST/STM32CubeIDE_1.13.1/STM32CubeIDE/plugins/com.st.stm32cube.ide.mcu.externaltools.gnu-tools-for-stm32.11.3.rel1.win32_1.1.1.202309131626/tools/bin/../lib/gcc/arm-none-eabi/11.3.1/thumb/v7e-m+fp/hard/crtn.o
                0x0000000008005a08                . = ALIGN (0x4)
                0x0000000008005a08                _etext = .

.vfp11_veneer   0x0000000008005a08        0x0
 .vfp11_veneer  0x0000000008005a08        0x0 linker stubs

.v4_bx          0x0000000008005a08        0x0
 .v4_bx         0x0000000008005a08        0x0 linker stubs

.iplt           0x0000000008005a08        0x0
 .iplt          0x0000000008005a08        0x0 C:/ST/STM32CubeIDE_1.13.1/STM32CubeIDE/plugins/com.st.stm32cube.ide.mcu.externaltools.gnu-tools-for-stm32.11.3.rel1.win32_1.1.1.202309131626/tools/bin/../lib/gcc/arm-none-eabi/11.3.1/thumb/v7e-m+fp/hard/crtbegin.o

.rodata         0x0000000008005a08       0x28
                0x0000000008005a08                . = ALIGN (0x4)
 *(.rodata)
 .rodata        0x0000000008005a08        0xd ./Core/Src/NRF24L01.o
 *(.rodata*)
 *fill*         0x0000000008005a15        0x3 
 .rodata.AHBPrescTable
                0x0000000008005a18       0x10 ./Core/Src/system_stm32f4xx.o
                0x0000000008005a18                AHBPrescTable
 .rodata.APBPrescTable
                0x0000000008005a28        0x8 ./Core/Src/system_stm32f4xx.o
                0x0000000008005a28                APBPrescTable
                0x0000000008005a30                . = ALIGN (0x4)

.ARM.extab      0x0000000008005a30        0x0
                0x0000000008005a30                . = ALIGN (0x4)
 *(.ARM.extab* .gnu.linkonce.armextab.*)
                0x0000000008005a30                . = ALIGN (0x4)

.ARM            0x0000000008005a30        0x8
                0x0000000008005a30                . = ALIGN (0x4)
                0x0000000008005a30                __exidx_start = .
 *(.ARM.exidx*)
 .ARM.exidx     0x0000000008005a30        0x8 C:/ST/STM32CubeIDE_1.13.1/STM32CubeIDE/plugins/com.st.stm32cube.ide.mcu.externaltools.gnu-tools-for-stm32.11.3.rel1.win32_1.1.1.202309131626/tools/bin/../lib/gcc/arm-none-eabi/11.3.1/thumb/v7e-m+fp/hard\libgcc.a(_udivmoddi4.o)
                0x0000000008005a38                __exidx_end = .
                0x0000000008005a38                . = ALIGN (0x4)

.rel.dyn        0x0000000008005a38        0x0
 .rel.iplt      0x0000000008005a38        0x0 C:/ST/STM32CubeIDE_1.13.1/STM32CubeIDE/plugins/com.st.stm32cube.ide.mcu.externaltools.gnu-tools-for-stm32.11.3.rel1.win32_1.1.1.202309131626/tools/bin/../lib/gcc/arm-none-eabi/11.3.1/thumb/v7e-m+fp/hard/crtbegin.o

.preinit_array  0x0000000008005a38        0x0
                0x0000000008005a38                . = ALIGN (0x4)
                0x0000000008005a38                PROVIDE (__preinit_array_start = .)
 *(.preinit_array*)
                0x0000000008005a38                PROVIDE (__preinit_array_end = .)
                0x0000000008005a38                . = ALIGN (0x4)

.init_array     0x0000000008005a38        0x4
                0x0000000008005a38                . = ALIGN (0x4)
                0x0000000008005a38                PROVIDE (__init_array_start = .)
 *(SORT_BY_NAME(.init_array.*))
 *(.init_array*)
 .init_array    0x0000000008005a38        0x4 C:/ST/STM32CubeIDE_1.13.1/STM32CubeIDE/plugins/com.st.stm32cube.ide.mcu.externaltools.gnu-tools-for-stm32.11.3.rel1.win32_1.1.1.202309131626/tools/bin/../lib/gcc/arm-none-eabi/11.3.1/thumb/v7e-m+fp/hard/crtbegin.o
                0x0000000008005a3c                PROVIDE (__init_array_end = .)
                0x0000000008005a3c                . = ALIGN (0x4)

.fini_array     0x0000000008005a3c        0x4
                0x0000000008005a3c                . = ALIGN (0x4)
                [!provide]                        PROVIDE (__fini_array_start = .)
 *(SORT_BY_NAME(.fini_array.*))
 *(.fini_array*)
 .fini_array    0x0000000008005a3c        0x4 C:/ST/STM32CubeIDE_1.13.1/STM32CubeIDE/plugins/com.st.stm32cube.ide.mcu.externaltools.gnu-tools-for-stm32.11.3.rel1.win32_1.1.1.202309131626/tools/bin/../lib/gcc/arm-none-eabi/11.3.1/thumb/v7e-m+fp/hard/crtbegin.o
                [!provide]                        PROVIDE (__fini_array_end = .)
                0x0000000008005a40                . = ALIGN (0x4)
                0x0000000008005a40                _sidata = LOADADDR (.data)

.data           0x0000000020000000       0x40 load address 0x0000000008005a40
                0x0000000020000000                . = ALIGN (0x4)
                0x0000000020000000                _sdata = .
 *(.data)
 *(.data*)
 .data.Sock     0x0000000020000000        0x5 ./Core/Src/Parking.o
                0x0000000020000000                Sock
 *fill*         0x0000000020000005        0x3 
 .data.parkingMode
                0x0000000020000008       0x18 ./Core/Src/Parking.o
                0x0000000020000008                parkingMode
 .data.STATUS_Parking
                0x0000000020000020        0x1 ./Core/Src/Parking.o
                0x0000000020000020                STATUS_Parking
 *fill*         0x0000000020000021        0x3 
 .data.TxAddess
                0x0000000020000024        0x5 ./Core/Src/main.o
                0x0000000020000024                TxAddess
 *fill*         0x0000000020000029        0x3 
 .data.Blind    0x000000002000002c        0x6 ./Core/Src/main.o
                0x000000002000002c                Blind
 *fill*         0x0000000020000032        0x2 
 .data.SystemCoreClock
                0x0000000020000034        0x4 ./Core/Src/system_stm32f4xx.o
                0x0000000020000034                SystemCoreClock
 .data.uwTickPrio
                0x0000000020000038        0x4 ./Drivers/STM32F4xx_HAL_Driver/Src/stm32f4xx_hal.o
                0x0000000020000038                uwTickPrio
 .data.uwTickFreq
                0x000000002000003c        0x1 ./Drivers/STM32F4xx_HAL_Driver/Src/stm32f4xx_hal.o
                0x000000002000003c                uwTickFreq
 *(.RamFunc)
 *(.RamFunc*)
                0x0000000020000040                . = ALIGN (0x4)
 *fill*         0x000000002000003d        0x3 
                0x0000000020000040                _edata = .

.igot.plt       0x0000000020000040        0x0 load address 0x0000000008005a80
 .igot.plt      0x0000000020000040        0x0 C:/ST/STM32CubeIDE_1.13.1/STM32CubeIDE/plugins/com.st.stm32cube.ide.mcu.externaltools.gnu-tools-for-stm32.11.3.rel1.win32_1.1.1.202309131626/tools/bin/../lib/gcc/arm-none-eabi/11.3.1/thumb/v7e-m+fp/hard/crtbegin.o
                0x0000000020000040                . = ALIGN (0x4)

.bss            0x0000000020000040      0x1b4 load address 0x0000000008005a80
                0x0000000020000040                _sbss = .
                0x0000000020000040                __bss_start__ = _sbss
 *(.bss)
 .bss           0x0000000020000040       0x1c C:/ST/STM32CubeIDE_1.13.1/STM32CubeIDE/plugins/com.st.stm32cube.ide.mcu.externaltools.gnu-tools-for-stm32.11.3.rel1.win32_1.1.1.202309131626/tools/bin/../lib/gcc/arm-none-eabi/11.3.1/thumb/v7e-m+fp/hard/crtbegin.o
 *(.bss*)
 .bss.object2detected
                0x000000002000005c        0x4 ./Core/Src/Parking.o
                0x000000002000005c                object2detected
 .bss.Front_Distance
                0x0000000020000060        0x1 ./Core/Src/main.o
                0x0000000020000060                Front_Distance
 .bss.Back_Distance
                0x0000000020000061        0x1 ./Core/Src/main.o
                0x0000000020000061                Back_Distance
 .bss.Right_Distance
                0x0000000020000062        0x1 ./Core/Src/main.o
                0x0000000020000062                Right_Distance
 .bss.Left_Distance
                0x0000000020000063        0x1 ./Core/Src/main.o
                0x0000000020000063                Left_Distance
 .bss.Right_Blind_Distance
                0x0000000020000064        0x1 ./Core/Src/main.o
                0x0000000020000064                Right_Blind_Distance
 .bss.Left_Blind_Distance
                0x0000000020000065        0x1 ./Core/Src/main.o
                0x0000000020000065                Left_Blind_Distance
 .bss.R1        0x0000000020000066        0x1 ./Core/Src/main.o
                0x0000000020000066                R1
 .bss.L1        0x0000000020000067        0x1 ./Core/Src/main.o
                0x0000000020000067                L1
 .bss.object1detected
                0x0000000020000068        0x4 ./Core/Src/main.o
                0x0000000020000068                object1detected
 .bss.hi2c1     0x000000002000006c       0x54 ./Core/Src/main.o
                0x000000002000006c                hi2c1
 .bss.hspi2     0x00000000200000c0       0x58 ./Core/Src/main.o
                0x00000000200000c0                hspi2
 .bss.htim1     0x0000000020000118       0x48 ./Core/Src/main.o
                0x0000000020000118                htim1
 .bss.htim3     0x0000000020000160       0x48 ./Core/Src/main.o
                0x0000000020000160                htim3
 .bss.huart6    0x00000000200001a8       0x44 ./Core/Src/main.o
                0x00000000200001a8                huart6
 .bss.flag      0x00000000200001ec        0x1 ./Core/Src/main.o
                0x00000000200001ec                flag
 .bss.front_flag
                0x00000000200001ed        0x1 ./Core/Src/main.o
                0x00000000200001ed                front_flag
 .bss.COUNTER   0x00000000200001ee        0x1 ./Core/Src/main.o
                0x00000000200001ee                COUNTER
 *fill*         0x00000000200001ef        0x1 
 .bss.uwTick    0x00000000200001f0        0x4 ./Drivers/STM32F4xx_HAL_Driver/Src/stm32f4xx_hal.o
                0x00000000200001f0                uwTick
 *(COMMON)
                0x00000000200001f4                . = ALIGN (0x4)
                0x00000000200001f4                _ebss = .
                0x00000000200001f4                __bss_end__ = _ebss

._user_heap_stack
                0x00000000200001f4      0x604 load address 0x0000000008005a80
                0x00000000200001f8                . = ALIGN (0x8)
 *fill*         0x00000000200001f4        0x4 
                [!provide]                        PROVIDE (end = .)
                0x00000000200001f8                PROVIDE (_end = .)
                0x00000000200003f8                . = (. + _Min_Heap_Size)
 *fill*         0x00000000200001f8      0x200 
                0x00000000200007f8                . = (. + _Min_Stack_Size)
 *fill*         0x00000000200003f8      0x400 
                0x00000000200007f8                . = ALIGN (0x8)

/DISCARD/
 libc.a(*)
 libm.a(*)
 libgcc.a(*)

.ARM.attributes
                0x0000000000000000       0x30
 *(.ARM.attributes)
 .ARM.attributes
                0x0000000000000000       0x1e C:/ST/STM32CubeIDE_1.13.1/STM32CubeIDE/plugins/com.st.stm32cube.ide.mcu.externaltools.gnu-tools-for-stm32.11.3.rel1.win32_1.1.1.202309131626/tools/bin/../lib/gcc/arm-none-eabi/11.3.1/thumb/v7e-m+fp/hard/crti.o
 .ARM.attributes
                0x000000000000001e       0x34 C:/ST/STM32CubeIDE_1.13.1/STM32CubeIDE/plugins/com.st.stm32cube.ide.mcu.externaltools.gnu-tools-for-stm32.11.3.rel1.win32_1.1.1.202309131626/tools/bin/../lib/gcc/arm-none-eabi/11.3.1/thumb/v7e-m+fp/hard/crtbegin.o
 .ARM.attributes
                0x0000000000000052       0x34 ./Core/Src/Lane.o
 .ARM.attributes
                0x0000000000000086       0x34 ./Core/Src/Motion.o
 .ARM.attributes
                0x00000000000000ba       0x34 ./Core/Src/NRF24L01.o
 .ARM.attributes
                0x00000000000000ee       0x34 ./Core/Src/Parking.o
 .ARM.attributes
                0x0000000000000122       0x34 ./Core/Src/Ultrasonic.o
 .ARM.attributes
                0x0000000000000156       0x34 ./Core/Src/main.o
 .ARM.attributes
                0x000000000000018a       0x34 ./Core/Src/stm32f4xx_hal_msp.o
 .ARM.attributes
                0x00000000000001be       0x34 ./Core/Src/stm32f4xx_it.o
 .ARM.attributes
                0x00000000000001f2       0x34 ./Core/Src/system_stm32f4xx.o
 .ARM.attributes
                0x0000000000000226       0x21 ./Core/Startup/startup_stm32f401ccux.o
 .ARM.attributes
                0x0000000000000247       0x34 ./Drivers/STM32F4xx_HAL_Driver/Src/stm32f4xx_hal.o
 .ARM.attributes
                0x000000000000027b       0x34 ./Drivers/STM32F4xx_HAL_Driver/Src/stm32f4xx_hal_cortex.o
 .ARM.attributes
                0x00000000000002af       0x34 ./Drivers/STM32F4xx_HAL_Driver/Src/stm32f4xx_hal_gpio.o
 .ARM.attributes
                0x00000000000002e3       0x34 ./Drivers/STM32F4xx_HAL_Driver/Src/stm32f4xx_hal_i2c.o
 .ARM.attributes
                0x0000000000000317       0x34 ./Drivers/STM32F4xx_HAL_Driver/Src/stm32f4xx_hal_rcc.o
 .ARM.attributes
                0x000000000000034b       0x34 ./Drivers/STM32F4xx_HAL_Driver/Src/stm32f4xx_hal_spi.o
 .ARM.attributes
                0x000000000000037f       0x34 ./Drivers/STM32F4xx_HAL_Driver/Src/stm32f4xx_hal_tim.o
 .ARM.attributes
                0x00000000000003b3       0x34 ./Drivers/STM32F4xx_HAL_Driver/Src/stm32f4xx_hal_tim_ex.o
 .ARM.attributes
                0x00000000000003e7       0x34 ./Drivers/STM32F4xx_HAL_Driver/Src/stm32f4xx_hal_uart.o
 .ARM.attributes
                0x000000000000041b       0x34 C:/ST/STM32CubeIDE_1.13.1/STM32CubeIDE/plugins/com.st.stm32cube.ide.mcu.externaltools.gnu-tools-for-stm32.11.3.rel1.win32_1.1.1.202309131626/tools/bin/../lib/gcc/arm-none-eabi/11.3.1/../../../../arm-none-eabi/lib/thumb/v7e-m+fp/hard\libc_nano.a(libc_a-memset.o)
 .ARM.attributes
                0x000000000000044f       0x34 C:/ST/STM32CubeIDE_1.13.1/STM32CubeIDE/plugins/com.st.stm32cube.ide.mcu.externaltools.gnu-tools-for-stm32.11.3.rel1.win32_1.1.1.202309131626/tools/bin/../lib/gcc/arm-none-eabi/11.3.1/../../../../arm-none-eabi/lib/thumb/v7e-m+fp/hard\libc_nano.a(libc_a-init.o)
 .ARM.attributes
                0x0000000000000483       0x17 C:/ST/STM32CubeIDE_1.13.1/STM32CubeIDE/plugins/com.st.stm32cube.ide.mcu.externaltools.gnu-tools-for-stm32.11.3.rel1.win32_1.1.1.202309131626/tools/bin/../lib/gcc/arm-none-eabi/11.3.1/../../../../arm-none-eabi/lib/thumb/v7e-m+fp/hard\libc_nano.a(libc_a-strlen.o)
 .ARM.attributes
                0x000000000000049a       0x1e C:/ST/STM32CubeIDE_1.13.1/STM32CubeIDE/plugins/com.st.stm32cube.ide.mcu.externaltools.gnu-tools-for-stm32.11.3.rel1.win32_1.1.1.202309131626/tools/bin/../lib/gcc/arm-none-eabi/11.3.1/thumb/v7e-m+fp/hard\libgcc.a(_arm_addsubdf3.o)
 .ARM.attributes
                0x00000000000004b8       0x1e C:/ST/STM32CubeIDE_1.13.1/STM32CubeIDE/plugins/com.st.stm32cube.ide.mcu.externaltools.gnu-tools-for-stm32.11.3.rel1.win32_1.1.1.202309131626/tools/bin/../lib/gcc/arm-none-eabi/11.3.1/thumb/v7e-m+fp/hard\libgcc.a(_arm_muldivdf3.o)
 .ARM.attributes
                0x00000000000004d6       0x1e C:/ST/STM32CubeIDE_1.13.1/STM32CubeIDE/plugins/com.st.stm32cube.ide.mcu.externaltools.gnu-tools-for-stm32.11.3.rel1.win32_1.1.1.202309131626/tools/bin/../lib/gcc/arm-none-eabi/11.3.1/thumb/v7e-m+fp/hard\libgcc.a(_arm_fixunsdfsi.o)
 .ARM.attributes
                0x00000000000004f4       0x1e C:/ST/STM32CubeIDE_1.13.1/STM32CubeIDE/plugins/com.st.stm32cube.ide.mcu.externaltools.gnu-tools-for-stm32.11.3.rel1.win32_1.1.1.202309131626/tools/bin/../lib/gcc/arm-none-eabi/11.3.1/thumb/v7e-m+fp/hard\libgcc.a(_aeabi_uldivmod.o)
 .ARM.attributes
                0x0000000000000512       0x34 C:/ST/STM32CubeIDE_1.13.1/STM32CubeIDE/plugins/com.st.stm32cube.ide.mcu.externaltools.gnu-tools-for-stm32.11.3.rel1.win32_1.1.1.202309131626/tools/bin/../lib/gcc/arm-none-eabi/11.3.1/thumb/v7e-m+fp/hard\libgcc.a(_udivmoddi4.o)
 .ARM.attributes
                0x0000000000000546       0x1e C:/ST/STM32CubeIDE_1.13.1/STM32CubeIDE/plugins/com.st.stm32cube.ide.mcu.externaltools.gnu-tools-for-stm32.11.3.rel1.win32_1.1.1.202309131626/tools/bin/../lib/gcc/arm-none-eabi/11.3.1/thumb/v7e-m+fp/hard\libgcc.a(_dvmd_tls.o)
 .ARM.attributes
                0x0000000000000564       0x1e C:/ST/STM32CubeIDE_1.13.1/STM32CubeIDE/plugins/com.st.stm32cube.ide.mcu.externaltools.gnu-tools-for-stm32.11.3.rel1.win32_1.1.1.202309131626/tools/bin/../lib/gcc/arm-none-eabi/11.3.1/thumb/v7e-m+fp/hard/crtn.o
OUTPUT(V2V_Vehicle_1.elf elf32-littlearm)
LOAD linker stubs
LOAD C:/ST/STM32CubeIDE_1.13.1/STM32CubeIDE/plugins/com.st.stm32cube.ide.mcu.externaltools.gnu-tools-for-stm32.11.3.rel1.win32_1.1.1.202309131626/tools/bin/../lib/gcc/arm-none-eabi/11.3.1/../../../../arm-none-eabi/lib/thumb/v7e-m+fp/hard\libc.a
LOAD C:/ST/STM32CubeIDE_1.13.1/STM32CubeIDE/plugins/com.st.stm32cube.ide.mcu.externaltools.gnu-tools-for-stm32.11.3.rel1.win32_1.1.1.202309131626/tools/bin/../lib/gcc/arm-none-eabi/11.3.1/../../../../arm-none-eabi/lib/thumb/v7e-m+fp/hard\libm.a
LOAD C:/ST/STM32CubeIDE_1.13.1/STM32CubeIDE/plugins/com.st.stm32cube.ide.mcu.externaltools.gnu-tools-for-stm32.11.3.rel1.win32_1.1.1.202309131626/tools/bin/../lib/gcc/arm-none-eabi/11.3.1/thumb/v7e-m+fp/hard\libgcc.a

.comment        0x0000000000000000       0x43
 .comment       0x0000000000000000       0x43 C:/ST/STM32CubeIDE_1.13.1/STM32CubeIDE/plugins/com.st.stm32cube.ide.mcu.externaltools.gnu-tools-for-stm32.11.3.rel1.win32_1.1.1.202309131626/tools/bin/../lib/gcc/arm-none-eabi/11.3.1/thumb/v7e-m+fp/hard/crtbegin.o
                                         0x44 (size before relaxing)
 .comment       0x0000000000000043       0x44 ./Core/Src/Lane.o
 .comment       0x0000000000000043       0x44 ./Core/Src/Motion.o
 .comment       0x0000000000000043       0x44 ./Core/Src/NRF24L01.o
 .comment       0x0000000000000043       0x44 ./Core/Src/Parking.o
 .comment       0x0000000000000043       0x44 ./Core/Src/Ultrasonic.o
 .comment       0x0000000000000043       0x44 ./Core/Src/main.o
 .comment       0x0000000000000043       0x44 ./Core/Src/stm32f4xx_hal_msp.o
 .comment       0x0000000000000043       0x44 ./Core/Src/stm32f4xx_it.o
 .comment       0x0000000000000043       0x44 ./Core/Src/system_stm32f4xx.o
 .comment       0x0000000000000043       0x44 ./Drivers/STM32F4xx_HAL_Driver/Src/stm32f4xx_hal.o
 .comment       0x0000000000000043       0x44 ./Drivers/STM32F4xx_HAL_Driver/Src/stm32f4xx_hal_cortex.o
 .comment       0x0000000000000043       0x44 ./Drivers/STM32F4xx_HAL_Driver/Src/stm32f4xx_hal_gpio.o
 .comment       0x0000000000000043       0x44 ./Drivers/STM32F4xx_HAL_Driver/Src/stm32f4xx_hal_i2c.o
 .comment       0x0000000000000043       0x44 ./Drivers/STM32F4xx_HAL_Driver/Src/stm32f4xx_hal_rcc.o
 .comment       0x0000000000000043       0x44 ./Drivers/STM32F4xx_HAL_Driver/Src/stm32f4xx_hal_spi.o
 .comment       0x0000000000000043       0x44 ./Drivers/STM32F4xx_HAL_Driver/Src/stm32f4xx_hal_tim.o
 .comment       0x0000000000000043       0x44 ./Drivers/STM32F4xx_HAL_Driver/Src/stm32f4xx_hal_tim_ex.o
 .comment       0x0000000000000043       0x44 ./Drivers/STM32F4xx_HAL_Driver/Src/stm32f4xx_hal_uart.o

.debug_info     0x0000000000000000    0x1234b
 .debug_info    0x0000000000000000       0xf9 ./Core/Src/Lane.o
 .debug_info    0x00000000000000f9      0x329 ./Core/Src/Motion.o
 .debug_info    0x0000000000000422      0xa83 ./Core/Src/NRF24L01.o
 .debug_info    0x0000000000000ea5      0x9fb ./Core/Src/Parking.o
 .debug_info    0x00000000000018a0      0x99a ./Core/Src/Ultrasonic.o
 .debug_info    0x000000000000223a     0x1a4a ./Core/Src/main.o
 .debug_info    0x0000000000003c84     0x135e ./Core/Src/stm32f4xx_hal_msp.o
 .debug_info    0x0000000000004fe2      0x112 ./Core/Src/stm32f4xx_it.o
 .debug_info    0x00000000000050f4      0x53e ./Core/Src/system_stm32f4xx.o
 .debug_info    0x0000000000005632       0x23 ./Core/Startup/startup_stm32f401ccux.o
 .debug_info    0x0000000000005655      0x8bb ./Drivers/STM32F4xx_HAL_Driver/Src/stm32f4xx_hal.o
 .debug_info    0x0000000000005f10      0xcb0 ./Drivers/STM32F4xx_HAL_Driver/Src/stm32f4xx_hal_cortex.o
 .debug_info    0x0000000000006bc0      0x6f9 ./Drivers/STM32F4xx_HAL_Driver/Src/stm32f4xx_hal_gpio.o
 .debug_info    0x00000000000072b9     0x23f2 ./Drivers/STM32F4xx_HAL_Driver/Src/stm32f4xx_hal_i2c.o
 .debug_info    0x00000000000096ab      0x8f3 ./Drivers/STM32F4xx_HAL_Driver/Src/stm32f4xx_hal_rcc.o
 .debug_info    0x0000000000009f9e     0x1606 ./Drivers/STM32F4xx_HAL_Driver/Src/stm32f4xx_hal_spi.o
 .debug_info    0x000000000000b5a4     0x2941 ./Drivers/STM32F4xx_HAL_Driver/Src/stm32f4xx_hal_tim.o
 .debug_info    0x000000000000dee5     0x14a7 ./Drivers/STM32F4xx_HAL_Driver/Src/stm32f4xx_hal_tim_ex.o
 .debug_info    0x000000000000f38c     0x2fbf ./Drivers/STM32F4xx_HAL_Driver/Src/stm32f4xx_hal_uart.o

.debug_abbrev   0x0000000000000000     0x25cb
 .debug_abbrev  0x0000000000000000       0x9a ./Core/Src/Lane.o
 .debug_abbrev  0x000000000000009a      0x113 ./Core/Src/Motion.o
 .debug_abbrev  0x00000000000001ad      0x289 ./Core/Src/NRF24L01.o
 .debug_abbrev  0x0000000000000436      0x1ca ./Core/Src/Parking.o
 .debug_abbrev  0x0000000000000600      0x1e3 ./Core/Src/Ultrasonic.o
 .debug_abbrev  0x00000000000007e3      0x2af ./Core/Src/main.o
 .debug_abbrev  0x0000000000000a92      0x236 ./Core/Src/stm32f4xx_hal_msp.o
 .debug_abbrev  0x0000000000000cc8       0x73 ./Core/Src/stm32f4xx_it.o
 .debug_abbrev  0x0000000000000d3b      0x11a ./Core/Src/system_stm32f4xx.o
 .debug_abbrev  0x0000000000000e55       0x12 ./Core/Startup/startup_stm32f401ccux.o
 .debug_abbrev  0x0000000000000e67      0x24b ./Drivers/STM32F4xx_HAL_Driver/Src/stm32f4xx_hal.o
 .debug_abbrev  0x00000000000010b2      0x327 ./Drivers/STM32F4xx_HAL_Driver/Src/stm32f4xx_hal_cortex.o
 .debug_abbrev  0x00000000000013d9      0x1d3 ./Drivers/STM32F4xx_HAL_Driver/Src/stm32f4xx_hal_gpio.o
 .debug_abbrev  0x00000000000015ac      0x2bc ./Drivers/STM32F4xx_HAL_Driver/Src/stm32f4xx_hal_i2c.o
 .debug_abbrev  0x0000000000001868      0x2b5 ./Drivers/STM32F4xx_HAL_Driver/Src/stm32f4xx_hal_rcc.o
 .debug_abbrev  0x0000000000001b1d      0x280 ./Drivers/STM32F4xx_HAL_Driver/Src/stm32f4xx_hal_spi.o
 .debug_abbrev  0x0000000000001d9d      0x284 ./Drivers/STM32F4xx_HAL_Driver/Src/stm32f4xx_hal_tim.o
 .debug_abbrev  0x0000000000002021      0x28f ./Drivers/STM32F4xx_HAL_Driver/Src/stm32f4xx_hal_tim_ex.o
 .debug_abbrev  0x00000000000022b0      0x31b ./Drivers/STM32F4xx_HAL_Driver/Src/stm32f4xx_hal_uart.o

.debug_aranges  0x0000000000000000     0x11d8
 .debug_aranges
                0x0000000000000000       0x20 ./Core/Src/Lane.o
 .debug_aranges
                0x0000000000000020       0x60 ./Core/Src/Motion.o
 .debug_aranges
                0x0000000000000080       0xa0 ./Core/Src/NRF24L01.o
 .debug_aranges
                0x0000000000000120       0x58 ./Core/Src/Parking.o
 .debug_aranges
                0x0000000000000178       0x58 ./Core/Src/Ultrasonic.o
 .debug_aranges
                0x00000000000001d0       0x60 ./Core/Src/main.o
 .debug_aranges
                0x0000000000000230       0x68 ./Core/Src/stm32f4xx_hal_msp.o
 .debug_aranges
                0x0000000000000298       0x60 ./Core/Src/stm32f4xx_it.o
 .debug_aranges
                0x00000000000002f8       0x28 ./Core/Src/system_stm32f4xx.o
 .debug_aranges
                0x0000000000000320       0x28 ./Core/Startup/startup_stm32f401ccux.o
 .debug_aranges
                0x0000000000000348       0xf0 ./Drivers/STM32F4xx_HAL_Driver/Src/stm32f4xx_hal.o
 .debug_aranges
                0x0000000000000438      0x118 ./Drivers/STM32F4xx_HAL_Driver/Src/stm32f4xx_hal_cortex.o
 .debug_aranges
                0x0000000000000550       0x58 ./Drivers/STM32F4xx_HAL_Driver/Src/stm32f4xx_hal_gpio.o
 .debug_aranges
                0x00000000000005a8      0x2a0 ./Drivers/STM32F4xx_HAL_Driver/Src/stm32f4xx_hal_i2c.o
 .debug_aranges
                0x0000000000000848       0x88 ./Drivers/STM32F4xx_HAL_Driver/Src/stm32f4xx_hal_rcc.o
 .debug_aranges
                0x00000000000008d0      0x1d0 ./Drivers/STM32F4xx_HAL_Driver/Src/stm32f4xx_hal_spi.o
 .debug_aranges
                0x0000000000000aa0      0x3d0 ./Drivers/STM32F4xx_HAL_Driver/Src/stm32f4xx_hal_tim.o
 .debug_aranges
                0x0000000000000e70      0x168 ./Drivers/STM32F4xx_HAL_Driver/Src/stm32f4xx_hal_tim_ex.o
 .debug_aranges
                0x0000000000000fd8      0x200 ./Drivers/STM32F4xx_HAL_Driver/Src/stm32f4xx_hal_uart.o

.debug_rnglists
                0x0000000000000000      0xe16
 .debug_rnglists
                0x0000000000000000       0x13 ./Core/Src/Lane.o
 .debug_rnglists
                0x0000000000000013       0x43 ./Core/Src/Motion.o
 .debug_rnglists
                0x0000000000000056       0x75 ./Core/Src/NRF24L01.o
 .debug_rnglists
                0x00000000000000cb       0x41 ./Core/Src/Parking.o
 .debug_rnglists
                0x000000000000010c       0x44 ./Core/Src/Ultrasonic.o
 .debug_rnglists
                0x0000000000000150       0x48 ./Core/Src/main.o
 .debug_rnglists
                0x0000000000000198       0x4c ./Core/Src/stm32f4xx_hal_msp.o
 .debug_rnglists
                0x00000000000001e4       0x43 ./Core/Src/stm32f4xx_it.o
 .debug_rnglists
                0x0000000000000227       0x1a ./Core/Src/system_stm32f4xx.o
 .debug_rnglists
                0x0000000000000241       0x19 ./Core/Startup/startup_stm32f401ccux.o
 .debug_rnglists
                0x000000000000025a       0xaf ./Drivers/STM32F4xx_HAL_Driver/Src/stm32f4xx_hal.o
 .debug_rnglists
                0x0000000000000309       0xce ./Drivers/STM32F4xx_HAL_Driver/Src/stm32f4xx_hal_cortex.o
 .debug_rnglists
                0x00000000000003d7       0x3f ./Drivers/STM32F4xx_HAL_Driver/Src/stm32f4xx_hal_gpio.o
 .debug_rnglists
                0x0000000000000416      0x235 ./Drivers/STM32F4xx_HAL_Driver/Src/stm32f4xx_hal_i2c.o
 .debug_rnglists
                0x000000000000064b       0x66 ./Drivers/STM32F4xx_HAL_Driver/Src/stm32f4xx_hal_rcc.o
 .debug_rnglists
                0x00000000000006b1      0x16f ./Drivers/STM32F4xx_HAL_Driver/Src/stm32f4xx_hal_spi.o
 .debug_rnglists
                0x0000000000000820      0x31a ./Drivers/STM32F4xx_HAL_Driver/Src/stm32f4xx_hal_tim.o
 .debug_rnglists
                0x0000000000000b3a      0x125 ./Drivers/STM32F4xx_HAL_Driver/Src/stm32f4xx_hal_tim_ex.o
 .debug_rnglists
                0x0000000000000c5f      0x1b7 ./Drivers/STM32F4xx_HAL_Driver/Src/stm32f4xx_hal_uart.o

.debug_macro    0x0000000000000000    0x173ec
 .debug_macro   0x0000000000000000      0x213 ./Core/Src/Lane.o
 .debug_macro   0x0000000000000213      0xaa8 ./Core/Src/Lane.o
 .debug_macro   0x0000000000000cbb      0x2a7 ./Core/Src/Lane.o
 .debug_macro   0x0000000000000f62       0x2e ./Core/Src/Lane.o
 .debug_macro   0x0000000000000f90       0x28 ./Core/Src/Lane.o
 .debug_macro   0x0000000000000fb8       0x22 ./Core/Src/Lane.o
 .debug_macro   0x0000000000000fda       0x8e ./Core/Src/Lane.o
 .debug_macro   0x0000000000001068       0x51 ./Core/Src/Lane.o
 .debug_macro   0x00000000000010b9      0x103 ./Core/Src/Lane.o
 .debug_macro   0x00000000000011bc       0x6a ./Core/Src/Lane.o
 .debug_macro   0x0000000000001226      0x1df ./Core/Src/Lane.o
 .debug_macro   0x0000000000001405       0x1c ./Core/Src/Lane.o
 .debug_macro   0x0000000000001421       0x22 ./Core/Src/Lane.o
 .debug_macro   0x0000000000001443       0xd9 ./Core/Src/Lane.o
 .debug_macro   0x000000000000151c     0x102d ./Core/Src/Lane.o
 .debug_macro   0x0000000000002549      0x11f ./Core/Src/Lane.o
 .debug_macro   0x0000000000002668     0xb86c ./Core/Src/Lane.o
 .debug_macro   0x000000000000ded4       0x6d ./Core/Src/Lane.o
 .debug_macro   0x000000000000df41     0x367e ./Core/Src/Lane.o
 .debug_macro   0x00000000000115bf      0x174 ./Core/Src/Lane.o
 .debug_macro   0x0000000000011733       0x5c ./Core/Src/Lane.o
 .debug_macro   0x000000000001178f      0x416 ./Core/Src/Lane.o
 .debug_macro   0x0000000000011ba5      0x9fe ./Core/Src/Lane.o
 .debug_macro   0x00000000000125a3      0x115 ./Core/Src/Lane.o
 .debug_macro   0x00000000000126b8       0xf8 ./Core/Src/Lane.o
 .debug_macro   0x00000000000127b0       0xa5 ./Core/Src/Lane.o
 .debug_macro   0x0000000000012855      0x15f ./Core/Src/Lane.o
 .debug_macro   0x00000000000129b4      0x287 ./Core/Src/Lane.o
 .debug_macro   0x0000000000012c3b       0x5f ./Core/Src/Lane.o
 .debug_macro   0x0000000000012c9a      0x236 ./Core/Src/Lane.o
 .debug_macro   0x0000000000012ed0      0x132 ./Core/Src/Lane.o
 .debug_macro   0x0000000000013002      0x23a ./Core/Src/Lane.o
 .debug_macro   0x000000000001323c       0x2e ./Core/Src/Lane.o
 .debug_macro   0x000000000001326a      0x1b5 ./Core/Src/Lane.o
 .debug_macro   0x000000000001341f       0x22 ./Core/Src/Lane.o
 .debug_macro   0x0000000000013441       0xd6 ./Core/Src/Lane.o
 .debug_macro   0x0000000000013517      0x11a ./Core/Src/Lane.o
 .debug_macro   0x0000000000013631       0x85 ./Core/Src/Lane.o
 .debug_macro   0x00000000000136b6       0x89 ./Core/Src/Lane.o
 .debug_macro   0x000000000001373f      0x225 ./Core/Src/Lane.o
 .debug_macro   0x0000000000013964      0x8e6 ./Core/Src/Lane.o
 .debug_macro   0x000000000001424a       0x47 ./Core/Src/Lane.o
 .debug_macro   0x0000000000014291      0x295 ./Core/Src/Lane.o
 .debug_macro   0x0000000000014526      0x126 ./Core/Src/Lane.o
 .debug_macro   0x000000000001464c       0xdc ./Core/Src/Lane.o
 .debug_macro   0x0000000000014728       0x16 ./Core/Src/Lane.o
 .debug_macro   0x000000000001473e      0x209 ./Core/Src/Motion.o
 .debug_macro   0x0000000000014947      0x218 ./Core/Src/NRF24L01.o
 .debug_macro   0x0000000000014b5f       0xee ./Core/Src/NRF24L01.o
 .debug_macro   0x0000000000014c4d      0x2ea ./Core/Src/Parking.o
 .debug_macro   0x0000000000014f37       0x61 ./Core/Src/Parking.o
 .debug_macro   0x0000000000014f98       0x2a ./Core/Src/Parking.o
 .debug_macro   0x0000000000014fc2       0x43 ./Core/Src/Parking.o
 .debug_macro   0x0000000000015005       0x34 ./Core/Src/Parking.o
 .debug_macro   0x0000000000015039       0x16 ./Core/Src/Parking.o
 .debug_macro   0x000000000001504f       0x43 ./Core/Src/Parking.o
 .debug_macro   0x0000000000015092       0x34 ./Core/Src/Parking.o
 .debug_macro   0x00000000000150c6       0x10 ./Core/Src/Parking.o
 .debug_macro   0x00000000000150d6       0x58 ./Core/Src/Parking.o
 .debug_macro   0x000000000001512e       0x8e ./Core/Src/Parking.o
 .debug_macro   0x00000000000151bc       0x1c ./Core/Src/Parking.o
 .debug_macro   0x00000000000151d8      0x177 ./Core/Src/Parking.o
 .debug_macro   0x000000000001534f      0x369 ./Core/Src/Parking.o
 .debug_macro   0x00000000000156b8       0x10 ./Core/Src/Parking.o
 .debug_macro   0x00000000000156c8       0x35 ./Core/Src/Parking.o
 .debug_macro   0x00000000000156fd       0x20 ./Core/Src/Parking.o
 .debug_macro   0x000000000001571d      0x209 ./Core/Src/Ultrasonic.o
 .debug_macro   0x0000000000015926       0x16 ./Core/Src/Ultrasonic.o
 .debug_macro   0x000000000001593c      0x238 ./Core/Src/main.o
 .debug_macro   0x0000000000015b74       0x22 ./Core/Src/main.o
 .debug_macro   0x0000000000015b96      0x200 ./Core/Src/stm32f4xx_hal_msp.o
 .debug_macro   0x0000000000015d96      0x20a ./Core/Src/stm32f4xx_it.o
 .debug_macro   0x0000000000015fa0      0x1f1 ./Core/Src/system_stm32f4xx.o
 .debug_macro   0x0000000000016191      0x251 ./Drivers/STM32F4xx_HAL_Driver/Src/stm32f4xx_hal.o
 .debug_macro   0x00000000000163e2      0x1f1 ./Drivers/STM32F4xx_HAL_Driver/Src/stm32f4xx_hal_cortex.o
 .debug_macro   0x00000000000165d3      0x1f7 ./Drivers/STM32F4xx_HAL_Driver/Src/stm32f4xx_hal_gpio.o
 .debug_macro   0x00000000000167ca      0x238 ./Drivers/STM32F4xx_HAL_Driver/Src/stm32f4xx_hal_i2c.o
 .debug_macro   0x0000000000016a02      0x215 ./Drivers/STM32F4xx_HAL_Driver/Src/stm32f4xx_hal_rcc.o
 .debug_macro   0x0000000000016c17      0x200 ./Drivers/STM32F4xx_HAL_Driver/Src/stm32f4xx_hal_spi.o
 .debug_macro   0x0000000000016e17      0x1f2 ./Drivers/STM32F4xx_HAL_Driver/Src/stm32f4xx_hal_tim.o
 .debug_macro   0x0000000000017009      0x1f1 ./Drivers/STM32F4xx_HAL_Driver/Src/stm32f4xx_hal_tim_ex.o
 .debug_macro   0x00000000000171fa      0x1f2 ./Drivers/STM32F4xx_HAL_Driver/Src/stm32f4xx_hal_uart.o

.debug_line     0x0000000000000000    0x157e4
 .debug_line    0x0000000000000000      0x7dd ./Core/Src/Lane.o
 .debug_line    0x00000000000007dd      0x87b ./Core/Src/Motion.o
 .debug_line    0x0000000000001058      0xa87 ./Core/Src/NRF24L01.o
 .debug_line    0x0000000000001adf      0xa88 ./Core/Src/Parking.o
 .debug_line    0x0000000000002567      0xb08 ./Core/Src/Ultrasonic.o
 .debug_line    0x000000000000306f      0xac5 ./Core/Src/main.o
 .debug_line    0x0000000000003b34      0x8fe ./Core/Src/stm32f4xx_hal_msp.o
 .debug_line    0x0000000000004432      0x851 ./Core/Src/stm32f4xx_it.o
 .debug_line    0x0000000000004c83      0x810 ./Core/Src/system_stm32f4xx.o
 .debug_line    0x0000000000005493       0x7a ./Core/Startup/startup_stm32f401ccux.o
 .debug_line    0x000000000000550d      0xa76 ./Drivers/STM32F4xx_HAL_Driver/Src/stm32f4xx_hal.o
 .debug_line    0x0000000000005f83      0xd25 ./Drivers/STM32F4xx_HAL_Driver/Src/stm32f4xx_hal_cortex.o
 .debug_line    0x0000000000006ca8      0xbae ./Drivers/STM32F4xx_HAL_Driver/Src/stm32f4xx_hal_gpio.o
 .debug_line    0x0000000000007856     0x3a38 ./Drivers/STM32F4xx_HAL_Driver/Src/stm32f4xx_hal_i2c.o
 .debug_line    0x000000000000b28e      0xded ./Drivers/STM32F4xx_HAL_Driver/Src/stm32f4xx_hal_rcc.o
 .debug_line    0x000000000000c07b     0x1d07 ./Drivers/STM32F4xx_HAL_Driver/Src/stm32f4xx_hal_spi.o
 .debug_line    0x000000000000dd82     0x353c ./Drivers/STM32F4xx_HAL_Driver/Src/stm32f4xx_hal_tim.o
 .debug_line    0x00000000000112be     0x1a0e ./Drivers/STM32F4xx_HAL_Driver/Src/stm32f4xx_hal_tim_ex.o
 .debug_line    0x0000000000012ccc     0x2b18 ./Drivers/STM32F4xx_HAL_Driver/Src/stm32f4xx_hal_uart.o

.debug_str      0x0000000000000000    0x91318
 .debug_str     0x0000000000000000    0x88e67 ./Core/Src/Lane.o
                                      0x890de (size before relaxing)
 .debug_str     0x0000000000088e67       0xcb ./Core/Src/Motion.o
                                      0x891a1 (size before relaxing)
 .debug_str     0x0000000000088f32      0x827 ./Core/Src/NRF24L01.o
                                      0x8958c (size before relaxing)
 .debug_str     0x0000000000089759     0x350b ./Core/Src/Parking.o
                                      0x8cbc7 (size before relaxing)
 .debug_str     0x000000000008cc64      0x3fb ./Core/Src/Ultrasonic.o
                                      0x897a7 (size before relaxing)
 .debug_str     0x000000000008d05f      0x89e ./Core/Src/main.o
                                      0x8a71b (size before relaxing)
 .debug_str     0x000000000008d8fd       0xef ./Core/Src/stm32f4xx_hal_msp.o
                                      0x89dd6 (size before relaxing)
 .debug_str     0x000000000008d9ec       0xc9 ./Core/Src/stm32f4xx_it.o
                                      0x890e1 (size before relaxing)
 .debug_str     0x000000000008dab5       0xdb ./Core/Src/system_stm32f4xx.o
                                      0x88e40 (size before relaxing)
 .debug_str     0x000000000008db90       0x34 ./Core/Startup/startup_stm32f401ccux.o
                                         0xb5 (size before relaxing)
 .debug_str     0x000000000008dbc4      0x998 ./Drivers/STM32F4xx_HAL_Driver/Src/stm32f4xx_hal.o
                                      0x89862 (size before relaxing)
 .debug_str     0x000000000008e55c      0x354 ./Drivers/STM32F4xx_HAL_Driver/Src/stm32f4xx_hal_cortex.o
                                      0x89583 (size before relaxing)
 .debug_str     0x000000000008e8b0      0x110 ./Drivers/STM32F4xx_HAL_Driver/Src/stm32f4xx_hal_gpio.o
                                      0x88fbb (size before relaxing)
 .debug_str     0x000000000008e9c0      0xb0a ./Drivers/STM32F4xx_HAL_Driver/Src/stm32f4xx_hal_i2c.o
                                      0x89dfe (size before relaxing)
 .debug_str     0x000000000008f4ca      0x213 ./Drivers/STM32F4xx_HAL_Driver/Src/stm32f4xx_hal_rcc.o
                                      0x89274 (size before relaxing)
 .debug_str     0x000000000008f6dd      0x53f ./Drivers/STM32F4xx_HAL_Driver/Src/stm32f4xx_hal_spi.o
                                      0x896f2 (size before relaxing)
 .debug_str     0x000000000008fc1c      0xd44 ./Drivers/STM32F4xx_HAL_Driver/Src/stm32f4xx_hal_tim.o
                                      0x8a1a8 (size before relaxing)
 .debug_str     0x0000000000090960      0x3e1 ./Drivers/STM32F4xx_HAL_Driver/Src/stm32f4xx_hal_tim_ex.o
                                      0x899c4 (size before relaxing)
 .debug_str     0x0000000000090d41      0x5d7 ./Drivers/STM32F4xx_HAL_Driver/Src/stm32f4xx_hal_uart.o
                                      0x89801 (size before relaxing)

.debug_frame    0x0000000000000000     0x4c94
 .debug_frame   0x0000000000000000       0x2c ./Core/Src/Lane.o
 .debug_frame   0x000000000000002c      0x11c ./Core/Src/Motion.o
 .debug_frame   0x0000000000000148      0x250 ./Core/Src/NRF24L01.o
 .debug_frame   0x0000000000000398       0xf0 ./Core/Src/Parking.o
 .debug_frame   0x0000000000000488      0x14c ./Core/Src/Ultrasonic.o
 .debug_frame   0x00000000000005d4      0x128 ./Core/Src/main.o
 .debug_frame   0x00000000000006fc      0x184 ./Core/Src/stm32f4xx_hal_msp.o
 .debug_frame   0x0000000000000880      0x104 ./Core/Src/stm32f4xx_it.o
 .debug_frame   0x0000000000000984       0x58 ./Core/Src/system_stm32f4xx.o
 .debug_frame   0x00000000000009dc      0x374 ./Drivers/STM32F4xx_HAL_Driver/Src/stm32f4xx_hal.o
 .debug_frame   0x0000000000000d50      0x498 ./Drivers/STM32F4xx_HAL_Driver/Src/stm32f4xx_hal_cortex.o
 .debug_frame   0x00000000000011e8      0x14c ./Drivers/STM32F4xx_HAL_Driver/Src/stm32f4xx_hal_gpio.o
 .debug_frame   0x0000000000001334      0xc5c ./Drivers/STM32F4xx_HAL_Driver/Src/stm32f4xx_hal_i2c.o
 .debug_frame   0x0000000000001f90      0x1f4 ./Drivers/STM32F4xx_HAL_Driver/Src/stm32f4xx_hal_rcc.o
 .debug_frame   0x0000000000002184      0x824 ./Drivers/STM32F4xx_HAL_Driver/Src/stm32f4xx_hal_spi.o
 .debug_frame   0x00000000000029a8     0x11bc ./Drivers/STM32F4xx_HAL_Driver/Src/stm32f4xx_hal_tim.o
 .debug_frame   0x0000000000003b64      0x638 ./Drivers/STM32F4xx_HAL_Driver/Src/stm32f4xx_hal_tim_ex.o
 .debug_frame   0x000000000000419c      0x92c ./Drivers/STM32F4xx_HAL_Driver/Src/stm32f4xx_hal_uart.o
 .debug_frame   0x0000000000004ac8       0x20 C:/ST/STM32CubeIDE_1.13.1/STM32CubeIDE/plugins/com.st.stm32cube.ide.mcu.externaltools.gnu-tools-for-stm32.11.3.rel1.win32_1.1.1.202309131626/tools/bin/../lib/gcc/arm-none-eabi/11.3.1/../../../../arm-none-eabi/lib/thumb/v7e-m+fp/hard\libc_nano.a(libc_a-memset.o)
 .debug_frame   0x0000000000004ae8       0x2c C:/ST/STM32CubeIDE_1.13.1/STM32CubeIDE/plugins/com.st.stm32cube.ide.mcu.externaltools.gnu-tools-for-stm32.11.3.rel1.win32_1.1.1.202309131626/tools/bin/../lib/gcc/arm-none-eabi/11.3.1/../../../../arm-none-eabi/lib/thumb/v7e-m+fp/hard\libc_nano.a(libc_a-init.o)
 .debug_frame   0x0000000000004b14       0xac C:/ST/STM32CubeIDE_1.13.1/STM32CubeIDE/plugins/com.st.stm32cube.ide.mcu.externaltools.gnu-tools-for-stm32.11.3.rel1.win32_1.1.1.202309131626/tools/bin/../lib/gcc/arm-none-eabi/11.3.1/thumb/v7e-m+fp/hard\libgcc.a(_arm_addsubdf3.o)
 .debug_frame   0x0000000000004bc0       0x50 C:/ST/STM32CubeIDE_1.13.1/STM32CubeIDE/plugins/com.st.stm32cube.ide.mcu.externaltools.gnu-tools-for-stm32.11.3.rel1.win32_1.1.1.202309131626/tools/bin/../lib/gcc/arm-none-eabi/11.3.1/thumb/v7e-m+fp/hard\libgcc.a(_arm_muldivdf3.o)
 .debug_frame   0x0000000000004c10       0x24 C:/ST/STM32CubeIDE_1.13.1/STM32CubeIDE/plugins/com.st.stm32cube.ide.mcu.externaltools.gnu-tools-for-stm32.11.3.rel1.win32_1.1.1.202309131626/tools/bin/../lib/gcc/arm-none-eabi/11.3.1/thumb/v7e-m+fp/hard\libgcc.a(_arm_fixunsdfsi.o)
 .debug_frame   0x0000000000004c34       0x2c C:/ST/STM32CubeIDE_1.13.1/STM32CubeIDE/plugins/com.st.stm32cube.ide.mcu.externaltools.gnu-tools-for-stm32.11.3.rel1.win32_1.1.1.202309131626/tools/bin/../lib/gcc/arm-none-eabi/11.3.1/thumb/v7e-m+fp/hard\libgcc.a(_aeabi_uldivmod.o)
 .debug_frame   0x0000000000004c60       0x34 C:/ST/STM32CubeIDE_1.13.1/STM32CubeIDE/plugins/com.st.stm32cube.ide.mcu.externaltools.gnu-tools-for-stm32.11.3.rel1.win32_1.1.1.202309131626/tools/bin/../lib/gcc/arm-none-eabi/11.3.1/thumb/v7e-m+fp/hard\libgcc.a(_udivmoddi4.o)

.debug_line_str
                0x0000000000000000       0xa9
 .debug_line_str
                0x0000000000000000       0xa9 ./Core/Startup/startup_stm32f401ccux.o
                                         0xc1 (size before relaxing)
